DTM_cmd_db.c:2719:10:hci_read_transmit_power_level_process	32	static
DTM_cmd_db.c:2750:10:hci_read_local_version_information_process	56	static
DTM_cmd_db.c:2867:10:hci_read_rssi_process	32	static
DTM_cmd_db.c:2919:10:hci_le_read_buffer_size_process	24	static
DTM_cmd_db.c:3024:10:hci_le_read_advertising_channel_tx_power_process	24	static
DTM_cmd_db.c:3233:10:hci_le_read_white_list_size_process	24	static
DTM_cmd_db.c:3639:10:hci_le_test_end_process	24	static
DTM_cmd_db.c:3691:10:hci_le_read_suggested_default_data_length_process	24	static
DTM_cmd_db.c:3862:10:hci_le_read_resolving_list_size_process	24	static
DTM_cmd_db.c:3993:10:hci_le_read_maximum_data_length_process	32	static
DTM_cmd_db.c:4023:10:aci_hal_get_fw_build_number_process	24	static
DTM_cmd_db.c:4057:10:aci_hal_get_firmware_details_process	72	static
DTM_cmd_db.c:4129:10:aci_hal_read_config_data_process	288	static
DTM_cmd_db.c:4191:10:aci_hal_le_tx_test_packet_number_process	24	static
DTM_cmd_db.c:4314:10:aci_hal_get_anchor_period_process	24	static
DTM_cmd_db.c:4445:10:aci_gap_set_limited_discoverable_process	72	static
DTM_cmd_db.c:4482:10:aci_gap_set_discoverable_process	72	static
DTM_cmd_db.c:4674:10:aci_gap_init_process	40	static
DTM_cmd_db.c:4831:10:aci_gap_get_security_level_process	24	static
DTM_cmd_db.c:5325:10:aci_gap_set_broadcast_mode_process	304	static
DTM_cmd_db.c:5389:10:aci_gap_get_bonded_devices_process	288	static
DTM_cmd_db.c:5513:10:aci_gap_get_oob_data_process	72	static
DTM_cmd_db.c:5577:10:aci_gap_add_devices_to_resolving_list_process	288	static
DTM_cmd_db.c:5661:10:aci_gatt_add_service_process	56	static
DTM_cmd_db.c:5695:10:aci_gatt_include_service_process	64	static
DTM_cmd_db.c:5732:10:aci_gatt_add_char_process	72	static
DTM_cmd_db.c:5774:10:aci_gatt_add_char_desc_process	96	static
DTM_cmd_db.c:6777:10:aci_gatt_read_handle_value_process	296	static
DTM_cmd_db.c:2623:10:hci_disconnect_process	8	static
DTM_cmd_db.c:2647:10:hci_read_remote_version_information_process	8	static
DTM_cmd_db.c:2671:10:hci_set_event_mask_process	8	static
DTM_cmd_db.c:2695:10:hci_reset_process	8	static
DTM_cmd_db.c:2794:10:hci_read_local_supported_commands_process	72	static
DTM_cmd_db.c:2818:10:hci_read_local_supported_features_process	16	static
DTM_cmd_db.c:2842:10:hci_read_bd_addr_process	16	static
DTM_cmd_db.c:2894:10:hci_le_set_event_mask_process	8	static
DTM_cmd_db.c:2945:10:hci_le_read_local_supported_features_process	16	static
DTM_cmd_db.c:2969:10:hci_le_set_random_address_process	8	static
DTM_cmd_db.c:3000:10:hci_le_set_advertising_parameters_process	40	static
DTM_cmd_db.c:3049:10:hci_le_set_advertising_data_process	8	static
DTM_cmd_db.c:3074:10:hci_le_set_scan_response_data_process	8	static
DTM_cmd_db.c:3098:10:hci_le_set_advertise_enable_process	8	static
DTM_cmd_db.c:3126:10:hci_le_set_scan_parameters_process	24	static
DTM_cmd_db.c:3151:10:hci_le_set_scan_enable_process	8	static
DTM_cmd_db.c:3186:10:hci_le_create_connection_process	64	static
DTM_cmd_db.c:3211:10:hci_le_create_connection_cancel_process	8	static
DTM_cmd_db.c:3257:10:hci_le_clear_white_list_process	8	static
DTM_cmd_db.c:3280:10:hci_le_add_device_to_white_list_process	8	static
DTM_cmd_db.c:3305:10:hci_le_remove_device_from_white_list_process	8	static
DTM_cmd_db.c:3335:10:hci_le_connection_update_process	40	static
DTM_cmd_db.c:3359:10:hci_le_set_host_channel_classification_process	8	static
DTM_cmd_db.c:3384:10:hci_le_read_channel_map_process	24	static
DTM_cmd_db.c:3411:10:hci_le_read_remote_used_features_process	8	static
DTM_cmd_db.c:3437:10:hci_le_encrypt_process	24	static
DTM_cmd_db.c:3463:10:hci_le_rand_process	16	static
DTM_cmd_db.c:3490:10:hci_le_start_encryption_process	16	static
DTM_cmd_db.c:3515:10:hci_le_long_term_key_request_reply_process	16	static
DTM_cmd_db.c:3540:10:hci_le_long_term_key_requested_negative_reply_process	16	static
DTM_cmd_db.c:3565:10:hci_le_read_supported_states_process	16	static
DTM_cmd_db.c:3589:10:hci_le_receiver_test_process	8	static
DTM_cmd_db.c:3615:10:hci_le_transmitter_test_process	8	static
DTM_cmd_db.c:3665:10:hci_le_set_data_length_process	16	static
DTM_cmd_db.c:3718:10:hci_le_write_suggested_default_data_length_process	8	static
DTM_cmd_db.c:3742:10:hci_le_read_local_p256_public_key_process	8	static
DTM_cmd_db.c:3764:10:hci_le_generate_dhkey_process	8	static
DTM_cmd_db.c:3791:10:hci_le_add_device_to_resolving_list_process	8	static
DTM_cmd_db.c:3816:10:hci_le_remove_device_from_resolving_list_process	8	static
DTM_cmd_db.c:3840:10:hci_le_clear_resolving_list_process	8	static
DTM_cmd_db.c:3888:10:hci_le_read_peer_resolvable_address_process	16	static
DTM_cmd_db.c:3916:10:hci_le_read_local_resolvable_address_process	16	static
DTM_cmd_db.c:3942:10:hci_le_set_address_resolution_enable_process	8	static
DTM_cmd_db.c:3966:10:hci_le_set_resolvable_private_address_timeout_process	8	static
DTM_cmd_db.c:4103:10:aci_hal_write_config_data_process	8	static
DTM_cmd_db.c:4167:10:aci_hal_set_tx_power_level_process	8	static
DTM_cmd_db.c:4216:10:aci_hal_tone_start_process	8	static
DTM_cmd_db.c:4240:10:aci_hal_tone_stop_process	8	static
DTM_cmd_db.c:4263:10:aci_hal_get_link_status_process	32	static
DTM_cmd_db.c:4289:10:aci_hal_set_radio_activity_mask_process	8	static
DTM_cmd_db.c:4340:10:aci_hal_set_event_mask_process	8	static
DTM_cmd_db.c:4364:10:aci_hal_updater_start_process	8	static
DTM_cmd_db.c:4389:10:aci_hal_transmitter_test_packets_process	8	static
DTM_cmd_db.c:4413:10:aci_gap_set_non_discoverable_process	8	static
DTM_cmd_db.c:4514:10:aci_gap_set_direct_connectable_process	32	static
DTM_cmd_db.c:4538:10:aci_gap_set_io_capability_process	8	static
DTM_cmd_db.c:4570:10:aci_gap_set_authentication_requirement_process	48	static
DTM_cmd_db.c:4595:10:aci_gap_set_authorization_requirement_process	8	static
DTM_cmd_db.c:4620:10:aci_gap_pass_key_resp_process	8	static
DTM_cmd_db.c:4645:10:aci_gap_authorization_resp_process	8	static
DTM_cmd_db.c:4705:10:aci_gap_set_non_connectable_process	8	static
DTM_cmd_db.c:4732:10:aci_gap_set_undirected_connectable_process	16	static
DTM_cmd_db.c:4756:10:aci_gap_slave_security_req_process	8	static
DTM_cmd_db.c:4781:10:aci_gap_update_adv_data_process	8	static
DTM_cmd_db.c:4805:10:aci_gap_delete_ad_type_process	8	static
DTM_cmd_db.c:4859:10:aci_gap_set_event_mask_process	8	static
DTM_cmd_db.c:4883:10:aci_gap_configure_whitelist_process	8	static
DTM_cmd_db.c:4906:10:aci_gap_terminate_process	8	static
DTM_cmd_db.c:4930:10:aci_gap_clear_security_db_process	8	static
DTM_cmd_db.c:4952:10:aci_gap_allow_rebond_process	8	static
DTM_cmd_db.c:4979:10:aci_gap_start_limited_discovery_proc_process	16	static
DTM_cmd_db.c:5006:10:aci_gap_start_general_discovery_proc_process	16	static
DTM_cmd_db.c:5040:10:aci_gap_start_name_discovery_proc_process	56	static
DTM_cmd_db.c:5075:10:aci_gap_start_auto_connection_establish_proc_process	320	static
DTM_cmd_db.c:5113:10:aci_gap_start_general_connection_establish_proc_process	24	static
DTM_cmd_db.c:5144:10:aci_gap_start_selective_connection_establish_proc_process	304	static
DTM_cmd_db.c:5187:10:aci_gap_create_connection_process	56	static
DTM_cmd_db.c:5212:10:aci_gap_terminate_gap_proc_process	8	static
DTM_cmd_db.c:5242:10:aci_gap_start_connection_update_process	40	static
DTM_cmd_db.c:5267:10:aci_gap_send_pairing_req_process	8	static
DTM_cmd_db.c:5292:10:aci_gap_resolve_private_addr_process	16	static
DTM_cmd_db.c:5364:10:aci_gap_start_observation_proc_process	24	static
DTM_cmd_db.c:5435:10:aci_gap_is_device_bonded_process	8	static
DTM_cmd_db.c:5460:10:aci_gap_numeric_comparison_value_confirm_yesno_process	8	static
DTM_cmd_db.c:5485:10:aci_gap_passkey_input_process	8	static
DTM_cmd_db.c:5551:10:aci_gap_set_oob_data_process	24	static
DTM_cmd_db.c:5611:10:aci_gap_remove_bonded_device_process	8	static
DTM_cmd_db.c:5635:10:aci_gatt_init_process	8	static
DTM_cmd_db.c:5809:10:aci_gatt_update_char_value_process	32	static
DTM_cmd_db.c:5834:10:aci_gatt_del_char_process	16	static
DTM_cmd_db.c:5858:10:aci_gatt_del_service_process	8	static
DTM_cmd_db.c:5883:10:aci_gatt_del_include_service_process	8	static
DTM_cmd_db.c:5907:10:aci_gatt_set_event_mask_process	8	static
DTM_cmd_db.c:5931:10:aci_gatt_exchange_config_process	8	static
DTM_cmd_db.c:5957:10:aci_att_find_info_req_process	16	static
DTM_cmd_db.c:5986:10:aci_att_find_by_type_value_req_process	32	static
DTM_cmd_db.c:6014:10:aci_att_read_by_type_req_process	48	static
DTM_cmd_db.c:6044:10:aci_att_read_by_group_type_req_process	48	static
DTM_cmd_db.c:6074:10:aci_att_prepare_write_req_process	24	static
DTM_cmd_db.c:6099:10:aci_att_execute_write_req_process	8	static
DTM_cmd_db.c:6123:10:aci_gatt_disc_all_primary_services_process	8	static
DTM_cmd_db.c:6149:10:aci_gatt_disc_primary_service_by_uuid_process	32	static
DTM_cmd_db.c:6177:10:aci_gatt_find_included_services_process	16	static
DTM_cmd_db.c:6203:10:aci_gatt_disc_all_char_of_service_process	16	static
DTM_cmd_db.c:6231:10:aci_gatt_disc_char_by_uuid_process	48	static
DTM_cmd_db.c:6259:10:aci_gatt_disc_all_char_desc_process	16	static
DTM_cmd_db.c:6284:10:aci_gatt_read_char_value_process	8	static
DTM_cmd_db.c:6312:10:aci_gatt_read_using_char_uuid_process	48	static
DTM_cmd_db.c:6340:10:aci_gatt_read_long_char_value_process	16	static
DTM_cmd_db.c:6366:10:aci_gatt_read_multiple_char_value_process	280	static
DTM_cmd_db.c:6400:10:aci_gatt_write_char_value_process	16	static
DTM_cmd_db.c:6428:10:aci_gatt_write_long_char_value_process	24	static
DTM_cmd_db.c:6456:10:aci_gatt_write_char_reliable_process	24	static
DTM_cmd_db.c:6484:10:aci_gatt_write_long_char_desc_process	24	static
DTM_cmd_db.c:6510:10:aci_gatt_read_long_char_desc_process	16	static
DTM_cmd_db.c:6537:10:aci_gatt_write_char_desc_process	16	static
DTM_cmd_db.c:6562:10:aci_gatt_read_char_desc_process	8	static
DTM_cmd_db.c:6589:10:aci_gatt_write_without_resp_process	16	static
DTM_cmd_db.c:6616:10:aci_gatt_signed_write_without_resp_process	16	static
DTM_cmd_db.c:6640:10:aci_gatt_confirm_indication_process	8	static
DTM_cmd_db.c:6669:10:aci_gatt_write_resp_process	32	static
DTM_cmd_db.c:6693:10:aci_gatt_allow_read_process	8	static
DTM_cmd_db.c:6719:10:aci_gatt_set_security_permission_process	16	static
DTM_cmd_db.c:6748:10:aci_gatt_set_desc_value_process	32	static
DTM_cmd_db.c:6827:10:aci_gatt_update_char_value_ext_process	40	static
DTM_cmd_db.c:6852:10:aci_gatt_deny_read_process	8	static
DTM_cmd_db.c:6878:10:aci_gatt_set_access_permission_process	16	static
DTM_cmd_db.c:6906:10:aci_l2cap_connection_parameter_update_req_process	24	static
DTM_cmd_db.c:6938:10:aci_l2cap_connection_parameter_update_resp_process	48	static
DTM_cmd_db.c:7068:6:hci_disconnection_complete_event	272	static
DTM_cmd_db.c:7107:6:hci_encryption_change_event	272	static
DTM_cmd_db.c:7148:6:hci_read_remote_version_information_complete_event	280	static
DTM_cmd_db.c:7177:6:hci_hardware_error_event	272	static
DTM_cmd_db.c:7208:6:hci_number_of_completed_packets_event	280	static
DTM_cmd_db.c:7239:6:hci_data_buffer_overflow_event	272	static
DTM_cmd_db.c:7269:6:hci_encryption_key_refresh_complete_event	272	static
DTM_cmd_db.c:7298:6:aci_blue_initialized_event	272	static
DTM_cmd_db.c:7382:6:aci_blue_events_lost_event	272	static
DTM_cmd_db.c:7418:6:aci_blue_crash_info_event	288	static
DTM_cmd_db.c:7471:6:aci_hal_end_of_radio_activity_event	272	static
DTM_cmd_db.c:7507:6:aci_hal_scan_req_report_event	272	static
DTM_cmd_db.c:7532:6:aci_hal_fw_error_event	280	static
DTM_cmd_db.c:7553:6:aci_gap_limited_discoverable_event	272	static
DTM_cmd_db.c:7592:6:aci_gap_pairing_complete_event	272	static
DTM_cmd_db.c:7615:6:aci_gap_pass_key_req_event	272	static
DTM_cmd_db.c:7637:6:aci_gap_authorization_req_event	272	static
DTM_cmd_db.c:7655:6:aci_gap_slave_security_initiated_event	272	static
DTM_cmd_db.c:7675:6:aci_gap_bond_lost_event	272	static
DTM_cmd_db.c:7705:6:aci_gap_proc_complete_event	280	static
DTM_cmd_db.c:7730:6:aci_gap_addr_not_resolved_event	272	static
DTM_cmd_db.c:7751:6:aci_gap_numeric_comparison_value_event	272	static
DTM_cmd_db.c:7772:6:aci_gap_keypress_notification_event	272	static
DTM_cmd_db.c:7794:6:aci_l2cap_connection_update_resp_event	272	static
DTM_cmd_db.c:7819:6:aci_l2cap_proc_timeout_event	280	static
DTM_cmd_db.c:7860:6:aci_l2cap_connection_update_req_event	288	static
DTM_cmd_db.c:7891:6:aci_l2cap_command_reject_event	280	static
DTM_cmd_db.c:7926:6:aci_gatt_attribute_modified_event	288	static
DTM_cmd_db.c:7960:6:aci_gatt_proc_timeout_event	272	static
DTM_cmd_db.c:7981:6:aci_att_exchange_mtu_resp_event	272	static
DTM_cmd_db.c:8006:6:aci_att_find_info_resp_event	280	static
DTM_cmd_db.c:8030:6:aci_att_find_by_type_value_resp_event	280	static
DTM_cmd_db.c:8064:6:aci_att_read_by_type_resp_event	280	static
DTM_cmd_db.c:8088:6:aci_att_read_resp_event	280	static
DTM_cmd_db.c:8111:6:aci_att_read_blob_resp_event	280	static
DTM_cmd_db.c:8135:6:aci_att_read_multiple_resp_event	280	static
DTM_cmd_db.c:8160:6:aci_att_read_by_group_type_resp_event	280	static
DTM_cmd_db.c:8186:6:aci_att_prepare_write_resp_event	280	static
DTM_cmd_db.c:8209:6:aci_att_exec_write_resp_event	272	static
DTM_cmd_db.c:8231:6:aci_gatt_indication_event	280	static
DTM_cmd_db.c:8256:6:aci_gatt_notification_event	280	static
DTM_cmd_db.c:8372:6:aci_gatt_proc_complete_event	272	static
DTM_cmd_db.c:8416:6:aci_gatt_error_resp_event	280	static
DTM_cmd_db.c:8448:6:aci_gatt_disc_read_char_by_uuid_resp_event	280	static
DTM_cmd_db.c:8483:6:aci_gatt_write_permit_req_event	280	static
DTM_cmd_db.c:8512:6:aci_gatt_read_permit_req_event	272	static
DTM_cmd_db.c:8540:6:aci_gatt_read_multi_permit_req_event	280	static
DTM_cmd_db.c:8572:6:aci_gatt_tx_pool_available_event	272	static
DTM_cmd_db.c:8592:6:aci_gatt_server_confirmation_event	272	static
DTM_cmd_db.c:8622:6:aci_gatt_prepare_write_permit_req_event	280	static
DTM_cmd_db.c:8689:6:hci_le_connection_complete_event	296	static
DTM_cmd_db.c:8721:6:hci_le_advertising_report_event	296	static
DTM_cmd_db.c:8776:6:hci_le_connection_update_complete_event	280	static
DTM_cmd_db.c:8804:6:hci_le_read_remote_used_features_complete_event	280	static
DTM_cmd_db.c:8830:6:hci_le_long_term_key_request_event	280	static
DTM_cmd_db.c:8859:6:hci_le_data_length_change_event	280	static
DTM_cmd_db.c:8882:6:hci_le_read_local_p256_public_key_complete_event	272	static
DTM_cmd_db.c:8903:6:hci_le_generate_dhkey_complete_event	272	static
DTM_cmd_db.c:8981:6:hci_le_enhanced_connection_complete_event	296	static
DTM_cmd_db.c:9019:6:hci_le_direct_advertising_report_event	296	static
