Archive member included to satisfy reference by file (symbol)

../../../../../../Library/Bluetooth_LE/library/libbluenrg1_stack.a(bluenrg_gap_aci.o)
                              User/DTM_cmd_db.o (aci_gap_allow_rebond)
../../../../../../Library/Bluetooth_LE/library/libbluenrg1_stack.a(bluenrg_gatt_aci.o)
                              User/DTM_cmd_db.o (aci_att_execute_write_req)
../../../../../../Library/Bluetooth_LE/library/libbluenrg1_stack.a(bluenrg_hal_aci.o)
                              User/DTM_cmd_db.o (aci_hal_get_fw_build_number)
../../../../../../Library/Bluetooth_LE/library/libbluenrg1_stack.a(bluenrg_l2cap_aci.o)
                              User/DTM_cmd_db.o (aci_l2cap_connection_parameter_update_req)
../../../../../../Library/Bluetooth_LE/library/libbluenrg1_stack.a(bluenrg_main_func.o)
                              User/DTM_main.o (BTLE_StackTick)
../../../../../../Library/Bluetooth_LE/library/libbluenrg1_stack.a(gap.o)
                              ../../../../../../Library/Bluetooth_LE/library/libbluenrg1_stack.a(bluenrg_gap_aci.o) (GAP_Create_Connection)
../../../../../../Library/Bluetooth_LE/library/libbluenrg1_stack.a(gatt_client.o)
                              ../../../../../../Library/Bluetooth_LE/library/libbluenrg1_stack.a(bluenrg_gatt_aci.o) (Gatt_Confirm_Indication)
../../../../../../Library/Bluetooth_LE/library/libbluenrg1_stack.a(gatt_server.o)
                              ../../../../../../Library/Bluetooth_LE/library/libbluenrg1_stack.a(gatt_client.o) (GATT_Send_Packet)
../../../../../../Library/Bluetooth_LE/library/libbluenrg1_stack.a(hal.o)
                              ../../../../../../Library/Bluetooth_LE/library/libbluenrg1_stack.a(bluenrg_hal_aci.o) (HAL_Read_ConfigData)
../../../../../../Library/Bluetooth_LE/library/libbluenrg1_stack.a(hci.o)
                              ../../../../../../Library/Bluetooth_LE/library/libbluenrg1_stack.a(bluenrg_main_func.o) (Controller_Process_Q)
../../../../../../Library/Bluetooth_LE/library/libbluenrg1_stack.a(hci_privacy.o)
                              Stack/stack_user_cfg.o (hci_le_add_device_to_resolving_list_api)
../../../../../../Library/Bluetooth_LE/library/libbluenrg1_stack.a(host_timer.o)
                              ../../../../../../Library/Bluetooth_LE/library/libbluenrg1_stack.a(bluenrg_main_func.o) (Timer_Init)
../../../../../../Library/Bluetooth_LE/library/libbluenrg1_stack.a(l2cap.o)
                              ../../../../../../Library/Bluetooth_LE/library/libbluenrg1_stack.a(bluenrg_l2cap_aci.o) (L2C_Build_Connect_Update_Req)
../../../../../../Library/Bluetooth_LE/library/libbluenrg1_stack.a(ll_isr.o)
                              Stack/stack_user_cfg.o (Data_Length_Update_Control_ISR)
../../../../../../Library/Bluetooth_LE/library/libbluenrg1_stack.a(ll_privacy.o)
                              ../../../../../../Library/Bluetooth_LE/library/libbluenrg1_stack.a(hci_privacy.o) (LL_LE_Add_Device_To_Resolving_List)
../../../../../../Library/Bluetooth_LE/library/libbluenrg1_stack.a(ll_routines.o)
                              Stack/stack_user_cfg.o (Data_Len_Update_Offline_Processing)
../../../../../../Library/Bluetooth_LE/library/libbluenrg1_stack.a(ll_routines_master.o)
                              ../../../../../../Library/Bluetooth_LE/library/libbluenrg1_stack.a(gap.o) (LL_Create_Connection)
../../../../../../Library/Bluetooth_LE/library/libbluenrg1_stack.a(ll_routines_support.o)
                              Stack/stack_user_cfg.o (LL_Encrypt_Plain_Data)
../../../../../../Library/Bluetooth_LE/library/libbluenrg1_stack.a(mem_alloc.o)
                              ../../../../../../Library/Bluetooth_LE/library/libbluenrg1_stack.a(bluenrg_main_func.o) (_BlueNRG_Stack_Init_params)
../../../../../../Library/Bluetooth_LE/library/libbluenrg1_stack.a(mem_buff.o)
                              ../../../../../../Library/Bluetooth_LE/library/libbluenrg1_stack.a(l2cap.o) (Mem_Buff_Append)
../../../../../../Library/Bluetooth_LE/library/libbluenrg1_stack.a(multi_master_time.o)
                              ../../../../../../Library/Bluetooth_LE/library/libbluenrg1_stack.a(hci.o) (LL_Get_Anchor_Interval)
../../../../../../Library/Bluetooth_LE/library/libbluenrg1_stack.a(nvm.o)
                              ../../../../../../Library/Bluetooth_LE/library/libbluenrg1_stack.a(ll_isr.o) (Is_Flash_Write_On_Going)
../../../../../../Library/Bluetooth_LE/library/libbluenrg1_stack.a(pka.o)
                              ../../../../../../Library/Bluetooth_LE/library/libbluenrg1_stack.a(hci.o) (BLEPLAT_PKA_Get_Current_Operation)
../../../../../../Library/Bluetooth_LE/library/libbluenrg1_stack.a(pm.o)
                              ../../../../../../Library/Bluetooth_LE/library/libbluenrg1_stack.a(l2cap.o) (PM_Compact)
../../../../../../Library/Bluetooth_LE/library/libbluenrg1_stack.a(rom_att.o)
                              ../../../../../../Library/Bluetooth_LE/library/libbluenrg1_stack.a(gatt_client.o) (ATT_fill_exchg_mtu_req)
[...]
Memory Configuration

Name             Origin             Length             Attributes
REGION_RAM       0x0000000020000000 0x0000000000006000 xrw
REGION_FLASH_BOOTLOADER 0x0000000010040000 0x0000000000000000 xr
REGION_FLASH     0x0000000010040000 0x000000000003f000 xr
REGION_NVM       0x000000001007f000 0x0000000000001000 xr
REGION_ROM       0x0000000010000000 0x0000000000000800 xr
*default*        0x0000000000000000 0xffffffffffffffff

Linker script and memory map

LOAD Hal/context_switch.o
LOAD Hal/fifo.o
LOAD Hal/miscutil.o
LOAD Hal/osal.o
LOAD Hal/sleep.o
LOAD Library/BlueNRG1_adc.o
LOAD Library/BlueNRG1_dma.o
LOAD Library/BlueNRG1_flash.o
LOAD Library/BlueNRG1_gpio.o
LOAD Library/BlueNRG1_i2c.o
LOAD Library/BlueNRG1_mft.o
LOAD Library/BlueNRG1_pka.o
LOAD Library/BlueNRG1_rtc.o
LOAD Library/BlueNRG1_spi.o
LOAD Library/BlueNRG1_sysCtrl.o
LOAD Library/BlueNRG1_uart.o
LOAD Library/BlueNRG1_wdg.o
LOAD Library/misc.o
LOAD Stack/stack_dle_api_stubs.o
LOAD Stack/stack_priv_api_stubs.o
LOAD Stack/stack_sc_api_stubs.o
LOAD Stack/stack_slvonly_api_stubs.o
LOAD Stack/stack_user_cfg.o
LOAD Startup/system_bluenrg1.o
LOAD User/BlueNRG1_it.o
LOAD User/DTM_boot.o
LOAD User/DTM_cmd_db.o
LOAD User/DTM_cmds.o
LOAD User/DTM_main.o
LOAD User/cmd.o
LOAD User/hci_parser.o
LOAD User/hw_config.o
LOAD User/transport_layer.o
LOAD ../../../../../../Library/Bluetooth_LE/library/libbluenrg1_stack.a
LOAD ../../../../../../Library/cryptolib/libcrypto.a
                0x0000000000000080                malloc_getpagesize_P = 0x80
START GROUP
LOAD /opt/Atollic_TrueSTUDIO_for_STM32_x86_64_9.3.0/ARMTools/bin/../lib/gcc/arm-atollic-eabi/6.3.1/../../../../arm-atollic-eabi/lib/armv6-m/libc_nano.a
LOAD /opt/Atollic_TrueSTUDIO_for_STM32_x86_64_9.3.0/ARMTools/bin/../lib/gcc/arm-atollic-eabi/6.3.1/../../../../arm-atollic-eabi/lib/armv6-m/libm.a
END GROUP
                0x0000000020000000                _MEMORY_RAM_BEGIN_ = 0x20000000
                0x0000000000006000                _MEMORY_RAM_SIZE_ = 0x6000
                0x0000000020005fff                _MEMORY_RAM_END_ = 0x20005fff
                0x0000000010040000                _MEMORY_FLASH_BEGIN_ = 0x10040000
                0x0000000000040000                _MEMORY_FLASH_SIZE_ = 0x40000
                0x000000001007ffff                _MEMORY_FLASH_END_ = 0x1007ffff
                0x0000000010000000                _MEMORY_ROM_BEGIN_ = 0x10000000
                0x0000000000000800                _MEMORY_ROM_SIZE_ = 0x800
                0x00000000100007ff                _MEMORY_ROM_END_ = 0x100007ff
                0x0000000000001000                FLASH_NVM_DATASIZE = 0x1000
                0x0000000000000000                MEMORY_FLASH_APP_OFFSET = DEFINED (MEMORY_FLASH_APP_OFFSET)?MEMORY_FLASH_APP_OFFSET:0x0
                0x000000000003f000                MEMORY_FLASH_APP_SIZE = DEFINED (MEMORY_FLASH_APP_SIZE)?MEMORY_FLASH_APP_SIZE:((_MEMORY_FLASH_SIZE_ - FLASH_NVM_DATASIZE) - MEMORY_FLASH_APP_OFFSET)
                0x00000000000002cc                MEMORY_RAM_APP_OFFSET = DEFINED (MEMORY_RAM_APP_OFFSET)?MEMORY_RAM_APP_OFFSET:0x2cc
                0x0000000000000800                RESET_MANAGER_SIZE = DEFINED (RESET_MANAGER_SIZE)?RESET_MANAGER_SIZE:0x800
                [0x000000000003f000]                MEMORY_FLASH_APP_SIZE = DEFINED (ST_OTA_HIGHER_APPLICATION)?(((((_MEMORY_FLASH_SIZE_ - RESET_MANAGER_SIZE) - FLASH_NVM_DATASIZE) / 0x2) / 0x800) * 0x800):MEMORY_FLASH_APP_SIZE
                [0x0000000000000000]                MEMORY_FLASH_APP_OFFSET = DEFINED (ST_OTA_HIGHER_APPLICATION)?(RESET_MANAGER_SIZE + MEMORY_FLASH_APP_SIZE):MEMORY_FLASH_APP_OFFSET
                [0x000000000003f000]                MEMORY_FLASH_APP_SIZE = DEFINED (ST_OTA_LOWER_APPLICATION)?(((((_MEMORY_FLASH_SIZE_ - RESET_MANAGER_SIZE) - FLASH_NVM_DATASIZE) / 0x2) / 0x800) * 0x800):MEMORY_FLASH_APP_SIZE
                [0x0000000000000000]                MEMORY_FLASH_APP_OFFSET = DEFINED (ST_OTA_LOWER_APPLICATION)?RESET_MANAGER_SIZE:MEMORY_FLASH_APP_OFFSET
                0x0000000000011800                SERVICE_MANAGER_SIZE = 0x11800
                [0x000000000003f000]                MEMORY_FLASH_APP_SIZE = DEFINED (ST_USE_OTA_SERVICE_MANAGER_APPLICATION)?((_MEMORY_FLASH_SIZE_ - SERVICE_MANAGER_SIZE) - FLASH_NVM_DATASIZE):MEMORY_FLASH_APP_SIZE
                [0x0000000000000000]                MEMORY_FLASH_APP_OFFSET = DEFINED (ST_USE_OTA_SERVICE_MANAGER_APPLICATION)?SERVICE_MANAGER_SIZE:MEMORY_FLASH_APP_OFFSET
                0x0000000000000000                _Min_Heap_Size = 0x0
                0x0000000000000c00                _Min_Stack_Size = 0xc00

.bootloader     0x0000000010040000        0x0
                0x0000000010040000                . = ALIGN (0x4)
 *(.bootloader)
                0x0000000010040000                . = ALIGN (0x4)

.intvec         0x0000000010040000       0xc0
                0x0000000010040000                . = ALIGN (0x4)
 *(.intvec)
 .intvec        0x0000000010040000       0xc0 Startup/system_bluenrg1.o
                0x0000000010040000                __vector_table
                0x00000000100400c0                . = ALIGN (0x4)

.text           0x00000000100400c0    0x200e4
                0x00000000100400c0                . = ALIGN (0x4)
 *(.cmd_call_table)
 *(.text)
 .text          0x00000000100400c0       0x9c Hal/context_switch.o
                0x00000000100400c0                CS_contextSave
                0x0000000010040112                CS_contextRestore
 .text          0x000000001004015c      0x114 /opt/Atollic_TrueSTUDIO_for_STM32_x86_64_9.3.0/ARMTools/bin/../lib/gcc/arm-atollic-eabi/6.3.1/armv6-m/libgcc.a(_udivsi3.o)
                0x000000001004015c                __udivsi3
                0x000000001004015c                __aeabi_uidiv
                0x0000000010040268                __aeabi_uidivmod
 .text          0x0000000010040270      0x1d4 /opt/Atollic_TrueSTUDIO_for_STM32_x86_64_9.3.0/ARMTools/bin/../lib/gcc/arm-atollic-eabi/6.3.1/armv6-m/libgcc.a(_divsi3.o)
                0x0000000010040270                __aeabi_idiv
                0x0000000010040270                __divsi3
                0x000000001004043c                __aeabi_idivmod
 .text          0x0000000010040444        0x4 /opt/Atollic_TrueSTUDIO_for_STM32_x86_64_9.3.0/ARMTools/bin/../lib/gcc/arm-atollic-eabi/6.3.1/armv6-m/libgcc.a(_dvmd_tls.o)
                0x0000000010040444                __aeabi_ldiv0
                0x0000000010040444                __aeabi_idiv0
 .text          0x0000000010040448       0x74 /opt/Atollic_TrueSTUDIO_for_STM32_x86_64_9.3.0/ARMTools/bin/../lib/gcc/arm-atollic-eabi/6.3.1/armv6-m/libgcc.a(unaligned-funcs.o)
                0x0000000010040448                __aeabi_uread4
                0x0000000010040460                __aeabi_uwrite4
                0x0000000010040470                __aeabi_uread8
                0x000000001004049c                __aeabi_uwrite8
 *(.text*)
 .text._fifo_get
                0x00000000100404bc       0x48 Hal/fifo.o
 .text.fifo_init
                0x0000000010040504       0x10 Hal/fifo.o
                0x0000000010040504                fifo_init
 .text.fifo_size
                0x0000000010040514       0x16 Hal/fifo.o
                0x0000000010040514                fifo_size
 .text.fifo_flush
                0x000000001004052a        0x8 Hal/fifo.o
                0x000000001004052a                fifo_flush
 .text.fifo_get
                0x0000000010040532        0xa Hal/fifo.o
                0x0000000010040532                fifo_get
 .text.fifo_put_var_len_item
                0x000000001004053c       0x6c Hal/fifo.o
                0x000000001004053c                fifo_put_var_len_item
 .text.fifo_discard
                0x00000000100405a8       0x36 Hal/fifo.o
                0x00000000100405a8                fifo_discard
 .text.fifo_get_ptr
                0x00000000100405de       0x32 Hal/fifo.o
                0x00000000100405de                fifo_get_ptr
 .text.fifo_get_var_len_item
                0x0000000010040610       0x28 Hal/fifo.o
                0x0000000010040610                fifo_get_var_len_item
 .text.fifo_get_ptr_var_len_item
                0x0000000010040638       0x18 Hal/fifo.o
                0x0000000010040638                fifo_get_ptr_var_len_item
 .text.fifo_discard_var_len_item
                0x0000000010040650       0x1e Hal/fifo.o
                0x0000000010040650                fifo_discard_var_len_item
 *fill*         0x000000001004066e        0x2 
 .text.HAL_GetPartInfo
                0x0000000010040670       0x64 Hal/miscutil.o
                0x0000000010040670                HAL_GetPartInfo
 .text.HAL_GetCrashInfo
                0x00000000100406d4       0x1c Hal/miscutil.o
                0x00000000100406d4                HAL_GetCrashInfo
 .text.HAL_CrashHandler
                0x00000000100406f0       0x70 Hal/miscutil.o
                0x00000000100406f0                HAL_CrashHandler
 .text.BLEPLAT_get_part_info
                0x0000000010040760       0x22 Hal/miscutil.o
                0x0000000010040760                BLEPLAT_get_part_info
 .text.Osal_MemCpy
                0x0000000010040782        0x8 Hal/osal.o
                0x0000000010040782                Osal_MemCpy
 .text.Osal_MemSet
                0x000000001004078a        0x8 Hal/osal.o
                0x000000001004078a                Osal_MemSet
 .text.Osal_MemCmp
                0x0000000010040792        0x8 Hal/osal.o
                0x0000000010040792                Osal_MemCmp
 .text.HAL_VTIMER_TimerSleepCheck
                0x000000001004079a        0x4 Hal/sleep.o
                0x000000001004079a                HAL_VTIMER_TimerSleepCheck
 *fill*         0x000000001004079e        0x2 
 .text.BlueNRG_Sleep
                0x00000000100407a0      0x990 Hal/sleep.o
                0x00000000100407a0                BlueNRG_Sleep
 .text.DMA_Init
                0x0000000010041130       0x3c Library/BlueNRG1_dma.o
                0x0000000010041130                DMA_Init
 .text.DMA_StructInit
                0x000000001004116c       0x1a Library/BlueNRG1_dma.o
                0x000000001004116c                DMA_StructInit
 .text.DMA_Cmd  0x0000000010041186       0x14 Library/BlueNRG1_dma.o
                0x0000000010041186                DMA_Cmd
 .text.DMA_FlagConfig
                0x000000001004119a       0x12 Library/BlueNRG1_dma.o
                0x000000001004119a                DMA_FlagConfig
 .text.DMA_GetFlagStatus
                0x00000000100411ac       0x10 Library/BlueNRG1_dma.o
                0x00000000100411ac                DMA_GetFlagStatus
 .text.DMA_ClearFlag
                0x00000000100411bc        0x8 Library/BlueNRG1_dma.o
                0x00000000100411bc                DMA_ClearFlag
 .text.FLASH_WaitCmdDone
                0x00000000100411c4       0x10 Library/BlueNRG1_flash.o
                0x00000000100411c4                FLASH_WaitCmdDone
 .text.FLASH_ErasePage
                0x00000000100411d4       0x30 Library/BlueNRG1_flash.o
                0x00000000100411d4                FLASH_ErasePage
 .text.FLASH_ProgramWord
                0x0000000010041204       0x30 Library/BlueNRG1_flash.o
                0x0000000010041204                FLASH_ProgramWord
 .text.GPIO_Init
                0x0000000010041234       0xde Library/BlueNRG1_gpio.o
                0x0000000010041234                GPIO_Init
 .text.GPIO_StructInit
                0x0000000010041312        0xc Library/BlueNRG1_gpio.o
                0x0000000010041312                GPIO_StructInit
 .text.rev_memcmp.constprop.0
                0x000000001004131e       0x16 Library/BlueNRG1_pka.o
 .text.PKA_Reset
                0x0000000010041334       0x14 Library/BlueNRG1_pka.o
                0x0000000010041334                PKA_Reset
 .text.PKA_StartProcessing
                0x0000000010041348       0x14 Library/BlueNRG1_pka.o
                0x0000000010041348                PKA_StartProcessing
 .text.PKA_GetProcessStatus
                0x000000001004135c        0xc Library/BlueNRG1_pka.o
                0x000000001004135c                PKA_GetProcessStatus
 .text.PKA_VerifyProcess
                0x0000000010041368       0x20 Library/BlueNRG1_pka.o
                0x0000000010041368                PKA_VerifyProcess
 .text.PKA_SetData
                0x0000000010041388       0xbc Library/BlueNRG1_pka.o
                0x0000000010041388                PKA_SetData
 .text.PKA_GetData
                0x0000000010041444       0x3c Library/BlueNRG1_pka.o
                0x0000000010041444                PKA_GetData
 .text.SysCtrl_PeripheralClockCmd
                0x0000000010041480       0x18 Library/BlueNRG1_sysCtrl.o
                0x0000000010041480                SysCtrl_PeripheralClockCmd
 .text.SysCtrl_GetWakeupResetReason
                0x0000000010041498       0xac Library/BlueNRG1_sysCtrl.o
                0x0000000010041498                SysCtrl_GetWakeupResetReason
 .text.UART_Cmd
                0x0000000010041544       0x1c Library/BlueNRG1_uart.o
                0x0000000010041544                UART_Cmd
 .text.UART_Init
                0x0000000010041560      0x150 Library/BlueNRG1_uart.o
                0x0000000010041560                UART_Init
 .text.UART_StructInit
                0x00000000100416b0       0x1a Library/BlueNRG1_uart.o
                0x00000000100416b0                UART_StructInit
 *fill*         0x00000000100416ca        0x2 
 .text.UART_ITConfig
                0x00000000100416cc       0x18 Library/BlueNRG1_uart.o
                0x00000000100416cc                UART_ITConfig
 .text.UART_ReceiveData
                0x00000000100416e4        0xc Library/BlueNRG1_uart.o
                0x00000000100416e4                UART_ReceiveData
 .text.UART_GetFlagStatus
                0x00000000100416f0       0x1c Library/BlueNRG1_uart.o
                0x00000000100416f0                UART_GetFlagStatus
 .text.UART_GetITStatus
                0x000000001004170c       0x14 Library/BlueNRG1_uart.o
                0x000000001004170c                UART_GetITStatus
 .text.UART_ClearITPendingBit
                0x0000000010041720        0xc Library/BlueNRG1_uart.o
                0x0000000010041720                UART_ClearITPendingBit
 .text.UART_DMACmd
                0x000000001004172c       0x18 Library/BlueNRG1_uart.o
                0x000000001004172c                UART_DMACmd
 .text.WDG_SetReload
                0x0000000010041744        0xc Library/BlueNRG1_wdg.o
                0x0000000010041744                WDG_SetReload
 .text.WDG_Enable
                0x0000000010041750       0x18 Library/BlueNRG1_wdg.o
                0x0000000010041750                WDG_Enable
 .text.NVIC_Init
                0x0000000010041768       0x90 Library/misc.o
                0x0000000010041768                NVIC_Init
 .text.SystemSleepCmd
                0x00000000100417f8       0x1c Library/misc.o
                0x00000000100417f8                SystemSleepCmd
 .text.SysTick_State
                0x0000000010041814       0x1c Library/misc.o
                0x0000000010041814                SysTick_State
 .text.aci_gap_add_devices_to_resolving_list
                0x0000000010041830        0x8 Stack/stack_user_cfg.o
                0x0000000010041830                aci_gap_add_devices_to_resolving_list
 .text.hci_le_remove_device_from_resolving_list
                0x0000000010041838        0x8 Stack/stack_user_cfg.o
                0x0000000010041838                hci_le_remove_device_from_resolving_list
 .text.hci_le_add_device_to_resolving_list
                0x0000000010041840        0x8 Stack/stack_user_cfg.o
                0x0000000010041840                hci_le_add_device_to_resolving_list
 .text.hci_le_set_resolvable_private_address_timeout
                0x0000000010041848        0x8 Stack/stack_user_cfg.o
                0x0000000010041848                hci_le_set_resolvable_private_address_timeout
 .text.hci_le_set_address_resolution_enable
                0x0000000010041850        0x8 Stack/stack_user_cfg.o
                0x0000000010041850                hci_le_set_address_resolution_enable
 .text.hci_le_read_peer_resolvable_address
                0x0000000010041858        0x8 Stack/stack_user_cfg.o
                0x0000000010041858                hci_le_read_peer_resolvable_address
 .text.hci_le_read_local_resolvable_address
                0x0000000010041860        0x8 Stack/stack_user_cfg.o
                0x0000000010041860                hci_le_read_local_resolvable_address
 .text.hci_le_read_resolving_list_size
                0x0000000010041868        0x8 Stack/stack_user_cfg.o
                0x0000000010041868                hci_le_read_resolving_list_size
 .text.hci_le_clear_resolving_list
                0x0000000010041870        0x8 Stack/stack_user_cfg.o
                0x0000000010041870                hci_le_clear_resolving_list
 .text.PRIV_vGeneratePrivateAddress_ucfg
                0x0000000010041878        0x8 Stack/stack_user_cfg.o
                0x0000000010041878                PRIV_vGeneratePrivateAddress_ucfg
 .text.PRIV_u32ProcessAdvPacket_ucfg
                0x0000000010041880        0x8 Stack/stack_user_cfg.o
                0x0000000010041880                PRIV_u32ProcessAdvPacket_ucfg
 .text.PRIV_u8OfflineProcessing_ucfg
                0x0000000010041888        0x8 Stack/stack_user_cfg.o
                0x0000000010041888                PRIV_u8OfflineProcessing_ucfg
 .text.PRIV_vGenerate_hci_le_enhanced_connection_complete_event_ucfg
                0x0000000010041890       0x1e Stack/stack_user_cfg.o
                0x0000000010041890                PRIV_vGenerate_hci_le_enhanced_connection_complete_event_ucfg
 .text.PRIV_vGenerate_hci_le_direct_advertising_report_event_ucfg
                0x00000000100418ae       0x1a Stack/stack_user_cfg.o
                0x00000000100418ae                PRIV_vGenerate_hci_le_direct_advertising_report_event_ucfg
 .text.GAP_enable_controller_privacy_ucfg
                0x00000000100418c8        0x8 Stack/stack_user_cfg.o
                0x00000000100418c8                GAP_enable_controller_privacy_ucfg
 .text.LL_Encrypt_Plain_Data_ucfg
                0x00000000100418d0        0x8 Stack/stack_user_cfg.o
                0x00000000100418d0                LL_Encrypt_Plain_Data_ucfg
 .text.PRIV_controller_privacy_csr_ucfg
                0x00000000100418d8        0x4 Stack/stack_user_cfg.o
                0x00000000100418d8                PRIV_controller_privacy_csr_ucfg
 .text.aci_gap_start_auto_connection_establish_proc
                0x00000000100418dc       0x40 Stack/stack_user_cfg.o
                0x00000000100418dc                aci_gap_start_auto_connection_establish_proc
 .text.aci_gap_start_general_connection_establish_proc
                0x000000001004191c       0x14 Stack/stack_user_cfg.o
                0x000000001004191c                aci_gap_start_general_connection_establish_proc
 .text.aci_gap_start_selective_connection_establish_proc
                0x0000000010041930       0x22 Stack/stack_user_cfg.o
                0x0000000010041930                aci_gap_start_selective_connection_establish_proc
 .text.aci_gap_create_connection
                0x0000000010041952       0x42 Stack/stack_user_cfg.o
                0x0000000010041952                aci_gap_create_connection
 .text.aci_gap_start_connection_update
                0x0000000010041994       0x1c Stack/stack_user_cfg.o
                0x0000000010041994                aci_gap_start_connection_update
 .text.aci_gap_terminate_gap_proc
                0x00000000100419b0        0x8 Stack/stack_user_cfg.o
                0x00000000100419b0                aci_gap_terminate_gap_proc
 .text.aci_gap_start_limited_discovery_proc
                0x00000000100419b8        0x8 Stack/stack_user_cfg.o
                0x00000000100419b8                aci_gap_start_limited_discovery_proc
 .text.aci_gap_start_general_discovery_proc
                0x00000000100419c0        0x8 Stack/stack_user_cfg.o
                0x00000000100419c0                aci_gap_start_general_discovery_proc
 .text.aci_gap_start_name_discovery_proc
                0x00000000100419c8       0x42 Stack/stack_user_cfg.o
                0x00000000100419c8                aci_gap_start_name_discovery_proc
 .text.aci_gap_start_observation_proc
                0x0000000010041a0a       0x14 Stack/stack_user_cfg.o
                0x0000000010041a0a                aci_gap_start_observation_proc
 .text.aci_gap_send_pairing_req
                0x0000000010041a1e        0x8 Stack/stack_user_cfg.o
                0x0000000010041a1e                aci_gap_send_pairing_req
 .text.aci_l2cap_connection_parameter_update_resp
                0x0000000010041a26       0x2e Stack/stack_user_cfg.o
                0x0000000010041a26                aci_l2cap_connection_parameter_update_resp
 .text.hci_le_create_connection
                0x0000000010041a54       0x4a Stack/stack_user_cfg.o
                0x0000000010041a54                hci_le_create_connection
 .text.hci_le_create_connection_cancel
                0x0000000010041a9e        0x8 Stack/stack_user_cfg.o
                0x0000000010041a9e                hci_le_create_connection_cancel
 .text.hci_le_connection_update
                0x0000000010041aa6       0x1c Stack/stack_user_cfg.o
                0x0000000010041aa6                hci_le_connection_update
 .text.hci_le_set_scan_parameters
                0x0000000010041ac2        0xe Stack/stack_user_cfg.o
                0x0000000010041ac2                hci_le_set_scan_parameters
 .text.hci_le_set_scan_enable
                0x0000000010041ad0        0x8 Stack/stack_user_cfg.o
                0x0000000010041ad0                hci_le_set_scan_enable
 .text.hci_le_start_encryption
                0x0000000010041ad8        0x8 Stack/stack_user_cfg.o
                0x0000000010041ad8                hci_le_start_encryption
 .text.hci_le_set_host_channel_classification
                0x0000000010041ae0        0x8 Stack/stack_user_cfg.o
                0x0000000010041ae0                hci_le_set_host_channel_classification
 .text.GAP_DiscProcTimeoutcb_ucfg
                0x0000000010041ae8        0x8 Stack/stack_user_cfg.o
                0x0000000010041ae8                GAP_DiscProcTimeoutcb_ucfg
 .text.cancel_connect_master_ucfg
                0x0000000010041af0        0x8 Stack/stack_user_cfg.o
                0x0000000010041af0                cancel_connect_master_ucfg
 .text.isr_event_handler_scan_data_ucfg
                0x0000000010041af8        0x8 Stack/stack_user_cfg.o
                0x0000000010041af8                isr_event_handler_scan_data_ucfg
 .text.Reclassify_All_Channels_ucfg
                0x0000000010041b00        0x8 Stack/stack_user_cfg.o
                0x0000000010041b00                Reclassify_All_Channels_ucfg
 .text.GAP_check_and_set_role_ucfg
                0x0000000010041b08        0x8 Stack/stack_user_cfg.o
                0x0000000010041b08                GAP_check_and_set_role_ucfg
 .text.GAP_discover_peer_name_ucfg
                0x0000000010041b10        0x8 Stack/stack_user_cfg.o
                0x0000000010041b10                GAP_discover_peer_name_ucfg
 .text.state_func_call_init_csr_ucfg
                0x0000000010041b18        0x8 Stack/stack_user_cfg.o
                0x0000000010041b18                state_func_call_init_csr_ucfg
 .text.master_csr_ucfg
                0x0000000010041b20        0x4 Stack/stack_user_cfg.o
                0x0000000010041b20                master_csr_ucfg
 .text.smp_MI_Start_Encryption_ucfg
                0x0000000010041b24        0x8 Stack/stack_user_cfg.o
                0x0000000010041b24                smp_MI_Start_Encryption_ucfg
 .text.smp_Execute_Actions_wrt_Current_State_MI_excerpt_ucfg
                0x0000000010041b2c        0x8 Stack/stack_user_cfg.o
                0x0000000010041b2c                smp_Execute_Actions_wrt_Current_State_MI_excerpt_ucfg
 .text.smp_Process_Rx_Packet_wrt_Current_State_MI_excerpt_ucfg
                0x0000000010041b34        0x8 Stack/stack_user_cfg.o
                0x0000000010041b34                smp_Process_Rx_Packet_wrt_Current_State_MI_excerpt_ucfg
 .text.smp_Execute_Actions_wrt_Current_State_sc_MI_excerpt_phase2as2_ucfg
                0x0000000010041b3c        0x8 Stack/stack_user_cfg.o
                0x0000000010041b3c                smp_Execute_Actions_wrt_Current_State_sc_MI_excerpt_phase2as2_ucfg
 .text.hci_le_set_data_length
                0x0000000010041b44        0x8 Stack/stack_user_cfg.o
                0x0000000010041b44                hci_le_set_data_length
 .text.hci_le_read_suggested_default_data_length
                0x0000000010041b4c        0x8 Stack/stack_user_cfg.o
                0x0000000010041b4c                hci_le_read_suggested_default_data_length
 .text.hci_le_write_suggested_default_data_length
                0x0000000010041b54        0x8 Stack/stack_user_cfg.o
                0x0000000010041b54                hci_le_write_suggested_default_data_length
 .text.hci_le_read_maximum_data_length
                0x0000000010041b5c        0x8 Stack/stack_user_cfg.o
                0x0000000010041b5c                hci_le_read_maximum_data_length
 .text.Data_Len_Update_Offline_Processing_ucfg
                0x0000000010041b64        0x8 Stack/stack_user_cfg.o
                0x0000000010041b64                Data_Len_Update_Offline_Processing_ucfg
 .text.Data_Length_Update_Control_ISR_ucfg
                0x0000000010041b6c        0x8 Stack/stack_user_cfg.o
                0x0000000010041b6c                Data_Length_Update_Control_ISR_ucfg
 .text.ll_write_supported_data_ucfg
                0x0000000010041b74        0x8 Stack/stack_user_cfg.o
                0x0000000010041b74                ll_write_supported_data_ucfg
 .text.LL_Data_Length_Change_Event_ucfg
                0x0000000010041b7c        0x8 Stack/stack_user_cfg.o
                0x0000000010041b7c                LL_Data_Length_Change_Event_ucfg
 .text.LL_Send_Length_Resp_ucfg
                0x0000000010041b84        0x8 Stack/stack_user_cfg.o
                0x0000000010041b84                LL_Send_Length_Resp_ucfg
 .text.data_length_extension_csr_ucfg
                0x0000000010041b8c        0x4 Stack/stack_user_cfg.o
                0x0000000010041b8c                data_length_extension_csr_ucfg
 .text.aci_gap_passkey_input
                0x0000000010041b90        0x8 Stack/stack_user_cfg.o
                0x0000000010041b90                aci_gap_passkey_input
 .text.aci_gap_numeric_comparison_value_confirm_yesno
                0x0000000010041b98        0x8 Stack/stack_user_cfg.o
                0x0000000010041b98                aci_gap_numeric_comparison_value_confirm_yesno
 .text.hci_le_read_local_p256_public_key
                0x0000000010041ba0        0x8 Stack/stack_user_cfg.o
                0x0000000010041ba0                hci_le_read_local_p256_public_key
 .text.hci_le_generate_dhkey
                0x0000000010041ba8        0x8 Stack/stack_user_cfg.o
                0x0000000010041ba8                hci_le_generate_dhkey
 .text.PKA_Offline_Processing_ucfg
                0x0000000010041bb0        0x8 Stack/stack_user_cfg.o
                0x0000000010041bb0                PKA_Offline_Processing_ucfg
 .text.smp_sc_init_ucfg
                0x0000000010041bb8        0x8 Stack/stack_user_cfg.o
                0x0000000010041bb8                smp_sc_init_ucfg
 .text.smp_sc_continue_on_exclusive_sc_pairing_ucfg
                0x0000000010041bc0        0x8 Stack/stack_user_cfg.o
                0x0000000010041bc0                smp_sc_continue_on_exclusive_sc_pairing_ucfg
 .text.smp_sc_check_for_ecc_pk_generation_request_ucfg
                0x0000000010041bc8        0x8 Stack/stack_user_cfg.o
                0x0000000010041bc8                smp_sc_check_for_ecc_pk_generation_request_ucfg
 .text.smp_sc_generate_new_local_oob_data_ucfg
                0x0000000010041bd0        0x8 Stack/stack_user_cfg.o
                0x0000000010041bd0                smp_sc_generate_new_local_oob_data_ucfg
 .text.smp_sc_update_statistics_on_pairing_complete_ucfg
                0x0000000010041bd8        0x8 Stack/stack_user_cfg.o
                0x0000000010041bd8                smp_sc_update_statistics_on_pairing_complete_ucfg
 .text.secure_connections_csr_ucfg
                0x0000000010041be0        0x4 Stack/stack_user_cfg.o
                0x0000000010041be0                secure_connections_csr_ucfg
 .text.smp_sc_hci_le_read_local_p256_public_key_complete_evt_hndl_ucfg
                0x0000000010041be4        0x8 Stack/stack_user_cfg.o
                0x0000000010041be4                smp_sc_hci_le_read_local_p256_public_key_complete_evt_hndl_ucfg
 .text.smp_sc_hci_le_generate_dhkey_complete_evt_hndl_ucfg
                0x0000000010041bec        0x8 Stack/stack_user_cfg.o
                0x0000000010041bec                smp_sc_hci_le_generate_dhkey_complete_evt_hndl_ucfg
 .text.smp_sc_MI_PairingResponse_Receive_sc_excerpt_ucfg
                0x0000000010041bf4        0x8 Stack/stack_user_cfg.o
                0x0000000010041bf4                smp_sc_MI_PairingResponse_Receive_sc_excerpt_ucfg
 .text.smp_sc_MI_Pairing_Phase_2AS1_Start_sc_excerpt_ucfg
                0x0000000010041bfc        0x8 Stack/stack_user_cfg.o
                0x0000000010041bfc                smp_sc_MI_Pairing_Phase_2AS1_Start_sc_excerpt_ucfg
 .text.smp_sc_SR_Pairing_Phase_2AS1_Start_sc_excerpt_ucfg
                0x0000000010041c04        0x8 Stack/stack_user_cfg.o
                0x0000000010041c04                smp_sc_SR_Pairing_Phase_2AS1_Start_sc_excerpt_ucfg
 .text.smp_sc_MI_PairingConfirm_Send_sc_excerpt_ucfg
                0x0000000010041c0c        0x8 Stack/stack_user_cfg.o
                0x0000000010041c0c                smp_sc_MI_PairingConfirm_Send_sc_excerpt_ucfg
 .text.smp_sc_MI_PairingRandom_Receive_sc_excerpt1_ucfg
                0x0000000010041c14        0x8 Stack/stack_user_cfg.o
                0x0000000010041c14                smp_sc_MI_PairingRandom_Receive_sc_excerpt1_ucfg
 .text.smp_sc_MI_PairingRandom_Receive_sc_excerpt2_ucfg
                0x0000000010041c1c        0x8 Stack/stack_user_cfg.o
                0x0000000010041c1c                smp_sc_MI_PairingRandom_Receive_sc_excerpt2_ucfg
 .text.smp_sc_SR_PairingConfirm_Receive_sc_excerpt_ucfg
                0x0000000010041c24        0x8 Stack/stack_user_cfg.o
                0x0000000010041c24                smp_sc_SR_PairingConfirm_Receive_sc_excerpt_ucfg
 .text.smp_sc_SR_PairingRandom_Receive_sc_excerpt_ucfg
                0x0000000010041c2c        0x8 Stack/stack_user_cfg.o
                0x0000000010041c2c                smp_sc_SR_PairingRandom_Receive_sc_excerpt_ucfg
 .text.smp_Execute_Actions_wrt_Current_State_sc_excerpt_phase_1_to_2_ucfg
                0x0000000010041c34        0x8 Stack/stack_user_cfg.o
                0x0000000010041c34                smp_Execute_Actions_wrt_Current_State_sc_excerpt_phase_1_to_2_ucfg
 .text.smp_Execute_Actions_wrt_Current_State_sc_excerpt_phase2as2_ucfg
                0x0000000010041c3c        0x8 Stack/stack_user_cfg.o
                0x0000000010041c3c                smp_Execute_Actions_wrt_Current_State_sc_excerpt_phase2as2_ucfg
 .text.smp_Process_Rx_Packet_wrt_Current_State_sc_excerpt_ucfg
                0x0000000010041c44        0x8 Stack/stack_user_cfg.o
                0x0000000010041c44                smp_Process_Rx_Packet_wrt_Current_State_sc_excerpt_ucfg
 .text.smp_Process_Rx_Packet_Exception_Cases_sc_excerpt_ucfg
                0x0000000010041c4c        0x8 Stack/stack_user_cfg.o
                0x0000000010041c4c                smp_Process_Rx_Packet_Exception_Cases_sc_excerpt_ucfg
 .text.PKA_Handler
                0x0000000010041c54        0x2 Startup/system_bluenrg1.o
                0x0000000010041c54                PKA_Handler
 .text.PendSV_Handler
                0x0000000010041c56        0x2 Startup/system_bluenrg1.o
                0x0000000010041c56                PendSV_Handler
 .text.GPIO_Handler
                0x0000000010041c58        0x2 Startup/system_bluenrg1.o
                0x0000000010041c58                GPIO_Handler
 .text.NVM_Handler
                0x0000000010041c5a        0x2 Startup/system_bluenrg1.o
                0x0000000010041c5a                NVM_Handler
 .text.SPI_Handler
                0x0000000010041c5c        0x2 Startup/system_bluenrg1.o
                0x0000000010041c5c                SPI_Handler
 .text.MFT1A_Handler
                0x0000000010041c5e        0x2 Startup/system_bluenrg1.o
                0x0000000010041c5e                MFT1A_Handler
 .text.MFT1B_Handler
                0x0000000010041c60        0x2 Startup/system_bluenrg1.o
                0x0000000010041c60                MFT1B_Handler
 .text.MFT2A_Handler
                0x0000000010041c62        0x2 Startup/system_bluenrg1.o
                0x0000000010041c62                MFT2A_Handler
 .text.MFT2B_Handler
                0x0000000010041c64        0x2 Startup/system_bluenrg1.o
                0x0000000010041c64                MFT2B_Handler
 .text.RTC_Handler
                0x0000000010041c66        0x2 Startup/system_bluenrg1.o
                0x0000000010041c66                RTC_Handler
 .text.WDG_Handler
                0x0000000010041c68        0x2 Startup/system_bluenrg1.o
                0x0000000010041c68                WDG_Handler
 .text.ADC_Handler
                0x0000000010041c6a        0x2 Startup/system_bluenrg1.o
                0x0000000010041c6a                ADC_Handler
 .text.I2C2_Handler
                0x0000000010041c6c        0x2 Startup/system_bluenrg1.o
                0x0000000010041c6c                I2C2_Handler
 .text.I2C1_Handler
                0x0000000010041c6e        0x2 Startup/system_bluenrg1.o
                0x0000000010041c6e                I2C1_Handler
 .text.Set_RF_FrontEnd
                0x0000000010041c70       0x4c Startup/system_bluenrg1.o
                0x0000000010041c70                Set_RF_FrontEnd
 .text.BOR_ConfigSave
                0x0000000010041cbc       0x48 Startup/system_bluenrg1.o
                0x0000000010041cbc                BOR_ConfigSave
 .text.SET_BORconfigStatus
                0x0000000010041d04       0x48 Startup/system_bluenrg1.o
                0x0000000010041d04                SET_BORconfigStatus
 .text.__low_level_init
                0x0000000010041d4c       0xbc Startup/system_bluenrg1.o
                0x0000000010041d4c                __low_level_init
 .text.RESET_HANDLER
                0x0000000010041e08       0x8c Startup/system_bluenrg1.o
                0x0000000010041e08                RESET_HANDLER
 .text.DeviceConfiguration
                0x0000000010041e94      0x134 Startup/system_bluenrg1.o
                0x0000000010041e94                DeviceConfiguration
 .text.NMI_Handler
                0x0000000010041fc8       0x10 User/BlueNRG1_it.o
                0x0000000010041fc8                NMI_Handler
 .text.HardFault_Handler
                0x0000000010041fd8       0x10 User/BlueNRG1_it.o
                0x0000000010041fd8                HardFault_Handler
 .text.SVC_Handler
                0x0000000010041fe8        0x2 User/BlueNRG1_it.o
                0x0000000010041fe8                SVC_Handler
 *fill*         0x0000000010041fea        0x2 
 .text.SysTick_Handler
                0x0000000010041fec       0x10 User/BlueNRG1_it.o
                0x0000000010041fec                SysTick_Handler
 .text.UART_Handler
                0x0000000010041ffc       0x32 User/BlueNRG1_it.o
                0x0000000010041ffc                UART_Handler
 *fill*         0x000000001004202e        0x2 
 .text.DMA_Handler
                0x0000000010042030       0x30 User/BlueNRG1_it.o
                0x0000000010042030                DMA_Handler
 .text.Blue_Handler
                0x0000000010042060       0x14 User/BlueNRG1_it.o
                0x0000000010042060                Blue_Handler
 .text.DTM_SystemInit
                0x0000000010042074      0x1e0 User/DTM_boot.o
                0x0000000010042074                DTM_SystemInit
 .text.DTM_StackInit
                0x0000000010042254       0x8c User/DTM_boot.o
                0x0000000010042254                DTM_StackInit
 .text.hci_read_transmit_power_level_process
                0x00000000100422e0       0x52 User/DTM_cmd_db.o
                0x00000000100422e0                hci_read_transmit_power_level_process
 .text.hci_read_local_version_information_process
                0x0000000010042332       0x9e User/DTM_cmd_db.o
                0x0000000010042332                hci_read_local_version_information_process
 .text.hci_read_rssi_process
                0x00000000100423d0       0x50 User/DTM_cmd_db.o
                0x00000000100423d0                hci_read_rssi_process
 .text.hci_le_read_buffer_size_process
                0x0000000010042420       0x46 User/DTM_cmd_db.o
                0x0000000010042420                hci_le_read_buffer_size_process
 .text.hci_le_read_advertising_channel_tx_power_process
                0x0000000010042466       0x38 User/DTM_cmd_db.o
                0x0000000010042466                hci_le_read_advertising_channel_tx_power_process
 .text.hci_le_read_white_list_size_process
                0x000000001004249e       0x38 User/DTM_cmd_db.o
                0x000000001004249e                hci_le_read_white_list_size_process
 .text.hci_le_test_end_process
                0x00000000100424d6       0x3c User/DTM_cmd_db.o
                0x00000000100424d6                hci_le_test_end_process
 .text.hci_le_read_suggested_default_data_length_process
                0x0000000010042512       0x4a User/DTM_cmd_db.o
                0x0000000010042512                hci_le_read_suggested_default_data_length_process
 .text.hci_le_read_resolving_list_size_process
                0x000000001004255c       0x38 User/DTM_cmd_db.o
                0x000000001004255c                hci_le_read_resolving_list_size_process
 .text.hci_le_read_maximum_data_length_process
                0x0000000010042594       0x68 User/DTM_cmd_db.o
                0x0000000010042594                hci_le_read_maximum_data_length_process
 .text.aci_hal_get_fw_build_number_process
                0x00000000100425fc       0x3c User/DTM_cmd_db.o
                0x00000000100425fc                aci_hal_get_fw_build_number_process
 .text.aci_hal_get_firmware_details_process
                0x0000000010042638      0x10c User/DTM_cmd_db.o
                0x0000000010042638                aci_hal_get_firmware_details_process
 .text.aci_hal_read_config_data_process
                0x0000000010042744       0x5e User/DTM_cmd_db.o
                0x0000000010042744                aci_hal_read_config_data_process
 .text.aci_hal_le_tx_test_packet_number_process
                0x00000000100427a2       0x4e User/DTM_cmd_db.o
                0x00000000100427a2                aci_hal_le_tx_test_packet_number_process
 .text.aci_hal_get_anchor_period_process
                0x00000000100427f0       0x70 User/DTM_cmd_db.o
                0x00000000100427f0                aci_hal_get_anchor_period_process
 .text.aci_gap_set_limited_discoverable_process
                0x0000000010042860       0x92 User/DTM_cmd_db.o
                0x0000000010042860                aci_gap_set_limited_discoverable_process
 .text.aci_gap_set_discoverable_process
                0x00000000100428f2       0x92 User/DTM_cmd_db.o
                0x00000000100428f2                aci_gap_set_discoverable_process
 .text.aci_gap_init_process
                0x0000000010042984       0x66 User/DTM_cmd_db.o
                0x0000000010042984                aci_gap_init_process
 .text.aci_gap_get_security_level_process
                0x00000000100429ea       0x4e User/DTM_cmd_db.o
                0x00000000100429ea                aci_gap_get_security_level_process
 .text.aci_gap_set_broadcast_mode_process
                0x0000000010042a38       0x9a User/DTM_cmd_db.o
                0x0000000010042a38                aci_gap_set_broadcast_mode_process
 .text.aci_gap_get_bonded_devices_process
                0x0000000010042ad2       0x80 User/DTM_cmd_db.o
                0x0000000010042ad2                aci_gap_get_bonded_devices_process
 .text.aci_gap_get_oob_data_process
                0x0000000010042b52       0x74 User/DTM_cmd_db.o
                0x0000000010042b52                aci_gap_get_oob_data_process
 .text.aci_gap_add_devices_to_resolving_list_process
                0x0000000010042bc6       0x6e User/DTM_cmd_db.o
                0x0000000010042bc6                aci_gap_add_devices_to_resolving_list_process
 .text.aci_gatt_add_service_process
                0x0000000010042c34       0x74 User/DTM_cmd_db.o
                0x0000000010042c34                aci_gatt_add_service_process
 .text.aci_gatt_include_service_process
                0x0000000010042ca8       0x86 User/DTM_cmd_db.o
                0x0000000010042ca8                aci_gatt_include_service_process
 .text.aci_gatt_add_char_process
                0x0000000010042d2e       0x9e User/DTM_cmd_db.o
                0x0000000010042d2e                aci_gatt_add_char_process
 .text.aci_gatt_add_char_desc_process
                0x0000000010042dcc       0xc8 User/DTM_cmd_db.o
                0x0000000010042dcc                aci_gatt_add_char_desc_process
 .text.aci_gatt_read_handle_value_process
                0x0000000010042e94       0x9a User/DTM_cmd_db.o
                0x0000000010042e94                aci_gatt_read_handle_value_process
 .text.hci_disconnect_process
                0x0000000010042f2e       0x34 User/DTM_cmd_db.o
                0x0000000010042f2e                hci_disconnect_process
 .text.hci_read_remote_version_information_process
                0x0000000010042f62       0x32 User/DTM_cmd_db.o
                0x0000000010042f62                hci_read_remote_version_information_process
 .text.hci_set_event_mask_process
                0x0000000010042f94       0x2c User/DTM_cmd_db.o
                0x0000000010042f94                hci_set_event_mask_process
 .text.hci_reset_process
                0x0000000010042fc0       0x2a User/DTM_cmd_db.o
                0x0000000010042fc0                hci_reset_process
 .text.hci_read_local_supported_commands_process
                0x0000000010042fea       0x3c User/DTM_cmd_db.o
                0x0000000010042fea                hci_read_local_supported_commands_process
 .text.hci_read_local_supported_features_process
                0x0000000010043026       0x38 User/DTM_cmd_db.o
                0x0000000010043026                hci_read_local_supported_features_process
 .text.hci_read_bd_addr_process
                0x000000001004305e       0x38 User/DTM_cmd_db.o
                0x000000001004305e                hci_read_bd_addr_process
 .text.hci_le_set_event_mask_process
                0x0000000010043096       0x2c User/DTM_cmd_db.o
                0x0000000010043096                hci_le_set_event_mask_process
 .text.hci_le_read_local_supported_features_process
                0x00000000100430c2       0x38 User/DTM_cmd_db.o
                0x00000000100430c2                hci_le_read_local_supported_features_process
 .text.hci_le_set_random_address_process
                0x00000000100430fa       0x2e User/DTM_cmd_db.o
                0x00000000100430fa                hci_le_set_random_address_process
 .text.hci_le_set_advertising_parameters_process
                0x0000000010043128       0x58 User/DTM_cmd_db.o
                0x0000000010043128                hci_le_set_advertising_parameters_process
 .text.hci_le_set_advertising_data_process
                0x0000000010043180       0x30 User/DTM_cmd_db.o
                0x0000000010043180                hci_le_set_advertising_data_process
 .text.hci_le_set_scan_response_data_process
                0x00000000100431b0       0x30 User/DTM_cmd_db.o
                0x00000000100431b0                hci_le_set_scan_response_data_process
 .text.hci_le_set_advertise_enable_process
                0x00000000100431e0       0x2e User/DTM_cmd_db.o
                0x00000000100431e0                hci_le_set_advertise_enable_process
 .text.hci_le_set_scan_parameters_process
                0x000000001004320e       0x46 User/DTM_cmd_db.o
                0x000000001004320e                hci_le_set_scan_parameters_process
 .text.hci_le_set_scan_enable_process
                0x0000000010043254       0x30 User/DTM_cmd_db.o
                0x0000000010043254                hci_le_set_scan_enable_process
 .text.hci_le_create_connection_process
                0x0000000010043284       0x94 User/DTM_cmd_db.o
                0x0000000010043284                hci_le_create_connection_process
 .text.hci_le_create_connection_cancel_process
                0x0000000010043318       0x28 User/DTM_cmd_db.o
                0x0000000010043318                hci_le_create_connection_cancel_process
 .text.hci_le_clear_white_list_process
                0x0000000010043340       0x2a User/DTM_cmd_db.o
                0x0000000010043340                hci_le_clear_white_list_process
 .text.hci_le_add_device_to_white_list_process
                0x000000001004336a       0x30 User/DTM_cmd_db.o
                0x000000001004336a                hci_le_add_device_to_white_list_process
 .text.hci_le_remove_device_from_white_list_process
                0x000000001004339a       0x30 User/DTM_cmd_db.o
                0x000000001004339a                hci_le_remove_device_from_white_list_process
 .text.hci_le_connection_update_process
                0x00000000100433ca       0x70 User/DTM_cmd_db.o
                0x00000000100433ca                hci_le_connection_update_process
 .text.hci_le_set_host_channel_classification_process
                0x000000001004343a       0x2e User/DTM_cmd_db.o
                0x000000001004343a                hci_le_set_host_channel_classification_process
 .text.hci_le_read_channel_map_process
                0x0000000010043468       0x50 User/DTM_cmd_db.o
                0x0000000010043468                hci_le_read_channel_map_process
 .text.hci_le_read_remote_used_features_process
                0x00000000100434b8       0x34 User/DTM_cmd_db.o
                0x00000000100434b8                hci_le_read_remote_used_features_process
 .text.hci_le_encrypt_process
                0x00000000100434ec       0x3e User/DTM_cmd_db.o
                0x00000000100434ec                hci_le_encrypt_process
 .text.hci_le_rand_process
                0x000000001004352a       0x38 User/DTM_cmd_db.o
                0x000000001004352a                hci_le_rand_process
 .text.hci_le_start_encryption_process
                0x0000000010043562       0x42 User/DTM_cmd_db.o
                0x0000000010043562                hci_le_start_encryption_process
 .text.hci_le_long_term_key_request_reply_process
                0x00000000100435a4       0x46 User/DTM_cmd_db.o
                0x00000000100435a4                hci_le_long_term_key_request_reply_process
 .text.hci_le_long_term_key_requested_negative_reply_process
                0x00000000100435ea       0x44 User/DTM_cmd_db.o
                0x00000000100435ea                hci_le_long_term_key_requested_negative_reply_process
 .text.hci_le_read_supported_states_process
                0x000000001004362e       0x38 User/DTM_cmd_db.o
                0x000000001004362e                hci_le_read_supported_states_process
 .text.hci_le_receiver_test_process
                0x0000000010043666       0x2e User/DTM_cmd_db.o
                0x0000000010043666                hci_le_receiver_test_process
 .text.hci_le_transmitter_test_process
                0x0000000010043694       0x32 User/DTM_cmd_db.o
                0x0000000010043694                hci_le_transmitter_test_process
 .text.hci_le_set_data_length_process
                0x00000000100436c6       0x54 User/DTM_cmd_db.o
                0x00000000100436c6                hci_le_set_data_length_process
 .text.hci_le_write_suggested_default_data_length_process
                0x000000001004371a       0x3c User/DTM_cmd_db.o
                0x000000001004371a                hci_le_write_suggested_default_data_length_process
 .text.hci_le_read_local_p256_public_key_process
                0x0000000010043756       0x2a User/DTM_cmd_db.o
                0x0000000010043756                hci_le_read_local_p256_public_key_process
 .text.hci_le_generate_dhkey_process
                0x0000000010043780       0x2e User/DTM_cmd_db.o
                0x0000000010043780                hci_le_generate_dhkey_process
 .text.hci_le_add_device_to_resolving_list_process
                0x00000000100437ae       0x38 User/DTM_cmd_db.o
                0x00000000100437ae                hci_le_add_device_to_resolving_list_process
 .text.hci_le_remove_device_from_resolving_list_process
                0x00000000100437e6       0x30 User/DTM_cmd_db.o
                0x00000000100437e6                hci_le_remove_device_from_resolving_list_process
 .text.hci_le_clear_resolving_list_process
                0x0000000010043816       0x2a User/DTM_cmd_db.o
                0x0000000010043816                hci_le_clear_resolving_list_process
 .text.hci_le_read_peer_resolvable_address_process
                0x0000000010043840       0x3e User/DTM_cmd_db.o
                0x0000000010043840                hci_le_read_peer_resolvable_address_process
 .text.hci_le_read_local_resolvable_address_process
                0x000000001004387e       0x3e User/DTM_cmd_db.o
                0x000000001004387e                hci_le_read_local_resolvable_address_process
 .text.hci_le_set_address_resolution_enable_process
                0x00000000100438bc       0x2e User/DTM_cmd_db.o
                0x00000000100438bc                hci_le_set_address_resolution_enable_process
 .text.hci_le_set_resolvable_private_address_timeout_process
                0x00000000100438ea       0x34 User/DTM_cmd_db.o
                0x00000000100438ea                hci_le_set_resolvable_private_address_timeout_process
 .text.aci_hal_write_config_data_process
                0x000000001004391e       0x32 User/DTM_cmd_db.o
                0x000000001004391e                aci_hal_write_config_data_process
 .text.aci_hal_set_tx_power_level_process
                0x0000000010043950       0x30 User/DTM_cmd_db.o
                0x0000000010043950                aci_hal_set_tx_power_level_process
 .text.aci_hal_tone_start_process
                0x0000000010043980       0x30 User/DTM_cmd_db.o
                0x0000000010043980                aci_hal_tone_start_process
 .text.aci_hal_tone_stop_process
                0x00000000100439b0       0x2a User/DTM_cmd_db.o
                0x00000000100439b0                aci_hal_tone_stop_process
 .text.aci_hal_get_link_status_process
                0x00000000100439da       0x4a User/DTM_cmd_db.o
                0x00000000100439da                aci_hal_get_link_status_process
 .text.aci_hal_set_radio_activity_mask_process
                0x0000000010043a24       0x34 User/DTM_cmd_db.o
                0x0000000010043a24                aci_hal_set_radio_activity_mask_process
 .text.aci_hal_set_event_mask_process
                0x0000000010043a58       0x42 User/DTM_cmd_db.o
                0x0000000010043a58                aci_hal_set_event_mask_process
 .text.aci_hal_updater_start_process
                0x0000000010043a9a       0x2a User/DTM_cmd_db.o
                0x0000000010043a9a                aci_hal_updater_start_process
 .text.aci_hal_transmitter_test_packets_process
                0x0000000010043ac4       0x3a User/DTM_cmd_db.o
                0x0000000010043ac4                aci_hal_transmitter_test_packets_process
 .text.aci_gap_set_non_discoverable_process
                0x0000000010043afe       0x2a User/DTM_cmd_db.o
                0x0000000010043afe                aci_gap_set_non_discoverable_process
 .text.aci_gap_set_direct_connectable_process
                0x0000000010043b28       0x4a User/DTM_cmd_db.o
                0x0000000010043b28                aci_gap_set_direct_connectable_process
 .text.aci_gap_set_io_capability_process
                0x0000000010043b72       0x2e User/DTM_cmd_db.o
                0x0000000010043b72                aci_gap_set_io_capability_process
 .text.aci_gap_set_authentication_requirement_process
                0x0000000010043ba0       0x60 User/DTM_cmd_db.o
                0x0000000010043ba0                aci_gap_set_authentication_requirement_process
 .text.aci_gap_set_authorization_requirement_process
                0x0000000010043c00       0x36 User/DTM_cmd_db.o
                0x0000000010043c00                aci_gap_set_authorization_requirement_process
 .text.aci_gap_pass_key_resp_process
                0x0000000010043c36       0x48 User/DTM_cmd_db.o
                0x0000000010043c36                aci_gap_pass_key_resp_process
 .text.aci_gap_authorization_resp_process
                0x0000000010043c7e       0x36 User/DTM_cmd_db.o
                0x0000000010043c7e                aci_gap_authorization_resp_process
 .text.aci_gap_set_non_connectable_process
                0x0000000010043cb4       0x30 User/DTM_cmd_db.o
                0x0000000010043cb4                aci_gap_set_non_connectable_process
 .text.aci_gap_set_undirected_connectable_process
                0x0000000010043ce4       0x40 User/DTM_cmd_db.o
                0x0000000010043ce4                aci_gap_set_undirected_connectable_process
 .text.aci_gap_slave_security_req_process
                0x0000000010043d24       0x34 User/DTM_cmd_db.o
                0x0000000010043d24                aci_gap_slave_security_req_process
 .text.aci_gap_update_adv_data_process
                0x0000000010043d58       0x30 User/DTM_cmd_db.o
                0x0000000010043d58                aci_gap_update_adv_data_process
 .text.aci_gap_delete_ad_type_process
                0x0000000010043d88       0x2e User/DTM_cmd_db.o
                0x0000000010043d88                aci_gap_delete_ad_type_process
 .text.aci_gap_set_event_mask_process
                0x0000000010043db6       0x34 User/DTM_cmd_db.o
                0x0000000010043db6                aci_gap_set_event_mask_process
 .text.aci_gap_configure_whitelist_process
                0x0000000010043dea       0x2a User/DTM_cmd_db.o
                0x0000000010043dea                aci_gap_configure_whitelist_process
 .text.aci_gap_terminate_process
                0x0000000010043e14       0x36 User/DTM_cmd_db.o
                0x0000000010043e14                aci_gap_terminate_process
 .text.aci_gap_clear_security_db_process
                0x0000000010043e4a       0x2a User/DTM_cmd_db.o
                0x0000000010043e4a                aci_gap_clear_security_db_process
 .text.aci_gap_allow_rebond_process
                0x0000000010043e74       0x34 User/DTM_cmd_db.o
                0x0000000010043e74                aci_gap_allow_rebond_process
 .text.aci_gap_start_limited_discovery_proc_process
                0x0000000010043ea8       0x40 User/DTM_cmd_db.o
                0x0000000010043ea8                aci_gap_start_limited_discovery_proc_process
 .text.aci_gap_start_general_discovery_proc_process
                0x0000000010043ee8       0x40 User/DTM_cmd_db.o
                0x0000000010043ee8                aci_gap_start_general_discovery_proc_process
 .text.aci_gap_start_name_discovery_proc_process
                0x0000000010043f28       0x86 User/DTM_cmd_db.o
                0x0000000010043f28                aci_gap_start_name_discovery_proc_process
 .text.aci_gap_start_auto_connection_establish_proc_process
                0x0000000010043fae       0xb8 User/DTM_cmd_db.o
                0x0000000010043fae                aci_gap_start_auto_connection_establish_proc_process
 .text.aci_gap_start_general_connection_establish_proc_process
                0x0000000010044066       0x4a User/DTM_cmd_db.o
                0x0000000010044066                aci_gap_start_general_connection_establish_proc_process
 .text.aci_gap_start_selective_connection_establish_proc_process
                0x00000000100440b0       0x86 User/DTM_cmd_db.o
                0x00000000100440b0                aci_gap_start_selective_connection_establish_proc_process
 .text.aci_gap_create_connection_process
                0x0000000010044136       0x86 User/DTM_cmd_db.o
                0x0000000010044136                aci_gap_create_connection_process
 .text.aci_gap_terminate_gap_proc_process
                0x00000000100441bc       0x2e User/DTM_cmd_db.o
                0x00000000100441bc                aci_gap_terminate_gap_proc_process
 .text.aci_gap_start_connection_update_process
                0x00000000100441ea       0x70 User/DTM_cmd_db.o
                0x00000000100441ea                aci_gap_start_connection_update_process
 .text.aci_gap_send_pairing_req_process
                0x000000001004425a       0x36 User/DTM_cmd_db.o
                0x000000001004425a                aci_gap_send_pairing_req_process
 .text.aci_gap_resolve_private_addr_process
                0x0000000010044290       0x3c User/DTM_cmd_db.o
                0x0000000010044290                aci_gap_resolve_private_addr_process
 .text.aci_gap_start_observation_proc_process
                0x00000000100442cc       0x4a User/DTM_cmd_db.o
                0x00000000100442cc                aci_gap_start_observation_proc_process
 .text.aci_gap_is_device_bonded_process
                0x0000000010044316       0x30 User/DTM_cmd_db.o
                0x0000000010044316                aci_gap_is_device_bonded_process
 .text.aci_gap_numeric_comparison_value_confirm_yesno_process
                0x0000000010044346       0x36 User/DTM_cmd_db.o
                0x0000000010044346                aci_gap_numeric_comparison_value_confirm_yesno_process
 .text.aci_gap_passkey_input_process
                0x000000001004437c       0x36 User/DTM_cmd_db.o
                0x000000001004437c                aci_gap_passkey_input_process
 .text.aci_gap_set_oob_data_process
                0x00000000100443b2       0x3e User/DTM_cmd_db.o
                0x00000000100443b2                aci_gap_set_oob_data_process
 .text.aci_gap_remove_bonded_device_process
                0x00000000100443f0       0x30 User/DTM_cmd_db.o
                0x00000000100443f0                aci_gap_remove_bonded_device_process
 .text.aci_gatt_init_process
                0x0000000010044420       0x28 User/DTM_cmd_db.o
                0x0000000010044420                aci_gatt_init_process
 .text.aci_gatt_update_char_value_process
                0x0000000010044448       0x46 User/DTM_cmd_db.o
                0x0000000010044448                aci_gatt_update_char_value_process
 .text.aci_gatt_del_char_process
                0x000000001004448e       0x3a User/DTM_cmd_db.o
                0x000000001004448e                aci_gatt_del_char_process
 .text.aci_gatt_del_service_process
                0x00000000100444c8       0x34 User/DTM_cmd_db.o
                0x00000000100444c8                aci_gatt_del_service_process
 .text.aci_gatt_del_include_service_process
                0x00000000100444fc       0x3c User/DTM_cmd_db.o
                0x00000000100444fc                aci_gatt_del_include_service_process
 .text.aci_gatt_set_event_mask_process
                0x0000000010044538       0x42 User/DTM_cmd_db.o
                0x0000000010044538                aci_gatt_set_event_mask_process
 .text.aci_gatt_exchange_config_process
                0x000000001004457a       0x34 User/DTM_cmd_db.o
                0x000000001004457a                aci_gatt_exchange_config_process
 .text.aci_att_find_info_req_process
                0x00000000100445ae       0x44 User/DTM_cmd_db.o
                0x00000000100445ae                aci_att_find_info_req_process
 .text.aci_att_find_by_type_value_req_process
                0x00000000100445f2       0x58 User/DTM_cmd_db.o
                0x00000000100445f2                aci_att_find_by_type_value_req_process
 .text.aci_att_read_by_type_req_process
                0x000000001004464a       0x6a User/DTM_cmd_db.o
                0x000000001004464a                aci_att_read_by_type_req_process
 .text.aci_att_read_by_group_type_req_process
                0x00000000100446b4       0x68 User/DTM_cmd_db.o
                0x00000000100446b4                aci_att_read_by_group_type_req_process
 .text.aci_att_prepare_write_req_process
                0x000000001004471c       0x4c User/DTM_cmd_db.o
                0x000000001004471c                aci_att_prepare_write_req_process
 .text.aci_att_execute_write_req_process
                0x0000000010044768       0x36 User/DTM_cmd_db.o
                0x0000000010044768                aci_att_execute_write_req_process
 .text.aci_gatt_disc_all_primary_services_process
                0x000000001004479e       0x34 User/DTM_cmd_db.o
                0x000000001004479e                aci_gatt_disc_all_primary_services_process
 .text.aci_gatt_disc_primary_service_by_uuid_process
                0x00000000100447d2       0x54 User/DTM_cmd_db.o
                0x00000000100447d2                aci_gatt_disc_primary_service_by_uuid_process
 .text.aci_gatt_find_included_services_process
                0x0000000010044826       0x44 User/DTM_cmd_db.o
                0x0000000010044826                aci_gatt_find_included_services_process
 .text.aci_gatt_disc_all_char_of_service_process
                0x000000001004486a       0x44 User/DTM_cmd_db.o
                0x000000001004486a                aci_gatt_disc_all_char_of_service_process
 .text.aci_gatt_disc_char_by_uuid_process
                0x00000000100448ae       0x6a User/DTM_cmd_db.o
                0x00000000100448ae                aci_gatt_disc_char_by_uuid_process
 .text.aci_gatt_disc_all_char_desc_process
                0x0000000010044918       0x44 User/DTM_cmd_db.o
                0x0000000010044918                aci_gatt_disc_all_char_desc_process
 .text.aci_gatt_read_char_value_process
                0x000000001004495c       0x3c User/DTM_cmd_db.o
                0x000000001004495c                aci_gatt_read_char_value_process
 .text.aci_gatt_read_using_char_uuid_process
                0x0000000010044998       0x6a User/DTM_cmd_db.o
                0x0000000010044998                aci_gatt_read_using_char_uuid_process
 .text.aci_gatt_read_long_char_value_process
                0x0000000010044a02       0x44 User/DTM_cmd_db.o
                0x0000000010044a02                aci_gatt_read_long_char_value_process
 .text.aci_gatt_read_multiple_char_value_process
                0x0000000010044a46       0x56 User/DTM_cmd_db.o
                0x0000000010044a46                aci_gatt_read_multiple_char_value_process
 .text.aci_gatt_write_char_value_process
                0x0000000010044a9c       0x40 User/DTM_cmd_db.o
                0x0000000010044a9c                aci_gatt_write_char_value_process
 .text.aci_gatt_write_long_char_value_process
                0x0000000010044adc       0x4c User/DTM_cmd_db.o
                0x0000000010044adc                aci_gatt_write_long_char_value_process
 .text.aci_gatt_write_char_reliable_process
                0x0000000010044b28       0x4c User/DTM_cmd_db.o
                0x0000000010044b28                aci_gatt_write_char_reliable_process
 .text.aci_gatt_write_long_char_desc_process
                0x0000000010044b74       0x4c User/DTM_cmd_db.o
                0x0000000010044b74                aci_gatt_write_long_char_desc_process
 .text.aci_gatt_read_long_char_desc_process
                0x0000000010044bc0       0x44 User/DTM_cmd_db.o
                0x0000000010044bc0                aci_gatt_read_long_char_desc_process
 .text.aci_gatt_write_char_desc_process
                0x0000000010044c04       0x40 User/DTM_cmd_db.o
                0x0000000010044c04                aci_gatt_write_char_desc_process
 .text.aci_gatt_read_char_desc_process
                0x0000000010044c44       0x3c User/DTM_cmd_db.o
                0x0000000010044c44                aci_gatt_read_char_desc_process
 .text.aci_gatt_write_without_resp_process
                0x0000000010044c80       0x40 User/DTM_cmd_db.o
                0x0000000010044c80                aci_gatt_write_without_resp_process
 .text.aci_gatt_signed_write_without_resp_process
                0x0000000010044cc0       0x40 User/DTM_cmd_db.o
                0x0000000010044cc0                aci_gatt_signed_write_without_resp_process
 .text.aci_gatt_confirm_indication_process
                0x0000000010044d00       0x34 User/DTM_cmd_db.o
                0x0000000010044d00                aci_gatt_confirm_indication_process
 .text.aci_gatt_write_resp_process
                0x0000000010044d34       0x4c User/DTM_cmd_db.o
                0x0000000010044d34                aci_gatt_write_resp_process
 .text.aci_gatt_allow_read_process
                0x0000000010044d80       0x34 User/DTM_cmd_db.o
                0x0000000010044d80                aci_gatt_allow_read_process
 .text.aci_gatt_set_security_permission_process
                0x0000000010044db4       0x3e User/DTM_cmd_db.o
                0x0000000010044db4                aci_gatt_set_security_permission_process
 .text.aci_gatt_set_desc_value_process
                0x0000000010044df2       0x58 User/DTM_cmd_db.o
                0x0000000010044df2                aci_gatt_set_desc_value_process
 .text.aci_gatt_update_char_value_ext_process
                0x0000000010044e4a       0x6a User/DTM_cmd_db.o
                0x0000000010044e4a                aci_gatt_update_char_value_ext_process
 .text.aci_gatt_deny_read_process
                0x0000000010044eb4       0x36 User/DTM_cmd_db.o
                0x0000000010044eb4                aci_gatt_deny_read_process
 .text.aci_gatt_set_access_permission_process
                0x0000000010044eea       0x3e User/DTM_cmd_db.o
                0x0000000010044eea                aci_gatt_set_access_permission_process
 .text.aci_l2cap_connection_parameter_update_req_process
                0x0000000010044f28       0x58 User/DTM_cmd_db.o
                0x0000000010044f28                aci_l2cap_connection_parameter_update_req_process
 .text.aci_l2cap_connection_parameter_update_resp_process
                0x0000000010044f80       0x78 User/DTM_cmd_db.o
                0x0000000010044f80                aci_l2cap_connection_parameter_update_resp_process
 .text.hci_disconnection_complete_event
                0x0000000010044ff8       0x24 User/DTM_cmd_db.o
                0x0000000010044ff8                hci_disconnection_complete_event
 .text.hci_encryption_change_event
                0x000000001004501c       0x24 User/DTM_cmd_db.o
                0x000000001004501c                hci_encryption_change_event
 .text.hci_read_remote_version_information_complete_event
                0x0000000010045040       0x3e User/DTM_cmd_db.o
                0x0000000010045040                hci_read_remote_version_information_complete_event
 .text.hci_hardware_error_event
                0x000000001004507e       0x20 User/DTM_cmd_db.o
                0x000000001004507e                hci_hardware_error_event
 .text.hci_number_of_completed_packets_event
                0x000000001004509e       0x3e User/DTM_cmd_db.o
                0x000000001004509e                hci_number_of_completed_packets_event
 .text.hci_encryption_key_refresh_complete_event
                0x00000000100450dc       0x24 User/DTM_cmd_db.o
                0x00000000100450dc                hci_encryption_key_refresh_complete_event
 .text.aci_blue_initialized_event
                0x0000000010045100       0x2a User/DTM_cmd_db.o
                0x0000000010045100                aci_blue_initialized_event
 .text.aci_blue_crash_info_event
                0x000000001004512a       0xce User/DTM_cmd_db.o
                0x000000001004512a                aci_blue_crash_info_event
 .text.aci_hal_end_of_radio_activity_event
                0x00000000100451f8       0x3c User/DTM_cmd_db.o
                0x00000000100451f8                aci_hal_end_of_radio_activity_event
 .text.aci_hal_scan_req_report_event
                0x0000000010045234       0x3c User/DTM_cmd_db.o
                0x0000000010045234                aci_hal_scan_req_report_event
 .text.aci_hal_fw_error_event
                0x0000000010045270       0x3e User/DTM_cmd_db.o
                0x0000000010045270                aci_hal_fw_error_event
 .text.aci_gap_limited_discoverable_event
                0x00000000100452ae       0x24 User/DTM_cmd_db.o
                0x00000000100452ae                aci_gap_limited_discoverable_event
 .text.aci_gap_pairing_complete_event
                0x00000000100452d2       0x34 User/DTM_cmd_db.o
                0x00000000100452d2                aci_gap_pairing_complete_event
 .text.aci_gap_pass_key_req_event
                0x0000000010045306       0x2e User/DTM_cmd_db.o
                0x0000000010045306                aci_gap_pass_key_req_event
 .text.aci_gap_authorization_req_event
                0x0000000010045334       0x2e User/DTM_cmd_db.o
                0x0000000010045334                aci_gap_authorization_req_event
 .text.aci_gap_slave_security_initiated_event
                0x0000000010045362       0x22 User/DTM_cmd_db.o
                0x0000000010045362                aci_gap_slave_security_initiated_event
 .text.aci_gap_bond_lost_event
                0x0000000010045384       0x22 User/DTM_cmd_db.o
                0x0000000010045384                aci_gap_bond_lost_event
 .text.aci_gap_proc_complete_event
                0x00000000100453a6       0x38 User/DTM_cmd_db.o
                0x00000000100453a6                aci_gap_proc_complete_event
 .text.aci_gap_addr_not_resolved_event
                0x00000000100453de       0x2e User/DTM_cmd_db.o
                0x00000000100453de                aci_gap_addr_not_resolved_event
 .text.aci_gap_numeric_comparison_value_event
                0x000000001004540c       0x42 User/DTM_cmd_db.o
                0x000000001004540c                aci_gap_numeric_comparison_value_event
 .text.aci_gap_keypress_notification_event
                0x000000001004544e       0x32 User/DTM_cmd_db.o
                0x000000001004544e                aci_gap_keypress_notification_event
 .text.aci_l2cap_connection_update_resp_event
                0x0000000010045480       0x3c User/DTM_cmd_db.o
                0x0000000010045480                aci_l2cap_connection_update_resp_event
 .text.aci_l2cap_proc_timeout_event
                0x00000000100454bc       0x42 User/DTM_cmd_db.o
                0x00000000100454bc                aci_l2cap_proc_timeout_event
 .text.aci_l2cap_connection_update_req_event
                0x00000000100454fe       0x4e User/DTM_cmd_db.o
                0x00000000100454fe                aci_l2cap_connection_update_req_event
 .text.aci_l2cap_command_reject_event
                0x000000001004554c       0x4c User/DTM_cmd_db.o
                0x000000001004554c                aci_l2cap_command_reject_event
 .text.aci_gatt_attribute_modified_event
                0x0000000010045598       0xb8 User/DTM_cmd_db.o
                0x0000000010045598                aci_gatt_attribute_modified_event
 .text.aci_gatt_proc_timeout_event
                0x0000000010045650       0x30 User/DTM_cmd_db.o
                0x0000000010045650                aci_gatt_proc_timeout_event
 .text.aci_att_exchange_mtu_resp_event
                0x0000000010045680       0x3c User/DTM_cmd_db.o
                0x0000000010045680                aci_att_exchange_mtu_resp_event
 .text.aci_att_find_info_resp_event
                0x00000000100456bc       0x44 User/DTM_cmd_db.o
                0x00000000100456bc                aci_att_find_info_resp_event
 .text.aci_att_find_by_type_value_resp_event
                0x0000000010045700       0x50 User/DTM_cmd_db.o
                0x0000000010045700                aci_att_find_by_type_value_resp_event
 .text.aci_att_read_by_type_resp_event
                0x0000000010045750       0x46 User/DTM_cmd_db.o
                0x0000000010045750                aci_att_read_by_type_resp_event
 .text.aci_att_read_resp_event
                0x0000000010045796       0x42 User/DTM_cmd_db.o
                0x0000000010045796                aci_att_read_resp_event
 .text.aci_att_read_blob_resp_event
                0x00000000100457d8       0x42 User/DTM_cmd_db.o
                0x00000000100457d8                aci_att_read_blob_resp_event
 .text.aci_att_read_multiple_resp_event
                0x000000001004581a       0x42 User/DTM_cmd_db.o
                0x000000001004581a                aci_att_read_multiple_resp_event
 .text.aci_att_read_by_group_type_resp_event
                0x000000001004585c       0x46 User/DTM_cmd_db.o
                0x000000001004585c                aci_att_read_by_group_type_resp_event
 .text.aci_att_prepare_write_resp_event
                0x00000000100458a2       0x54 User/DTM_cmd_db.o
                0x00000000100458a2                aci_att_prepare_write_resp_event
 .text.aci_att_exec_write_resp_event
                0x00000000100458f6       0x30 User/DTM_cmd_db.o
                0x00000000100458f6                aci_att_exec_write_resp_event
 .text.aci_gatt_indication_event
                0x0000000010045926       0x4e User/DTM_cmd_db.o
                0x0000000010045926                aci_gatt_indication_event
 .text.aci_gatt_notification_event
                0x0000000010045974       0x4e User/DTM_cmd_db.o
                0x0000000010045974                aci_gatt_notification_event
 .text.aci_gatt_proc_complete_event
                0x00000000100459c2       0x34 User/DTM_cmd_db.o
                0x00000000100459c2                aci_gatt_proc_complete_event
 .text.aci_gatt_error_resp_event
                0x00000000100459f6       0x38 User/DTM_cmd_db.o
                0x00000000100459f6                aci_gatt_error_resp_event
 .text.aci_gatt_disc_read_char_by_uuid_resp_event
                0x0000000010045a2e       0x4e User/DTM_cmd_db.o
                0x0000000010045a2e                aci_gatt_disc_read_char_by_uuid_resp_event
 .text.aci_gatt_write_permit_req_event
                0x0000000010045a7c       0x4e User/DTM_cmd_db.o
                0x0000000010045a7c                aci_gatt_write_permit_req_event
 .text.aci_gatt_read_permit_req_event
                0x0000000010045aca       0x46 User/DTM_cmd_db.o
                0x0000000010045aca                aci_gatt_read_permit_req_event
 .text.aci_gatt_read_multi_permit_req_event
                0x0000000010045b10       0x48 User/DTM_cmd_db.o
                0x0000000010045b10                aci_gatt_read_multi_permit_req_event
 .text.aci_gatt_tx_pool_available_event
                0x0000000010045b58       0x3c User/DTM_cmd_db.o
                0x0000000010045b58                aci_gatt_tx_pool_available_event
 .text.aci_gatt_server_confirmation_event
                0x0000000010045b94       0x30 User/DTM_cmd_db.o
                0x0000000010045b94                aci_gatt_server_confirmation_event
 .text.aci_gatt_prepare_write_permit_req_event
                0x0000000010045bc4       0x56 User/DTM_cmd_db.o
                0x0000000010045bc4                aci_gatt_prepare_write_permit_req_event
 .text.hci_le_connection_complete_event
                0x0000000010045c1a       0x88 User/DTM_cmd_db.o
                0x0000000010045c1a                hci_le_connection_complete_event
 .text.hci_le_advertising_report_event
                0x0000000010045ca2       0x82 User/DTM_cmd_db.o
                0x0000000010045ca2                hci_le_advertising_report_event
 .text.hci_le_connection_update_complete_event
                0x0000000010045d24       0x52 User/DTM_cmd_db.o
                0x0000000010045d24                hci_le_connection_update_complete_event
 .text.hci_le_read_remote_used_features_complete_event
                0x0000000010045d76       0x3c User/DTM_cmd_db.o
                0x0000000010045d76                hci_le_read_remote_used_features_complete_event
 .text.hci_le_long_term_key_request_event
                0x0000000010045db2       0x34 User/DTM_cmd_db.o
                0x0000000010045db2                hci_le_long_term_key_request_event
 .text.hci_le_data_length_change_event
                0x0000000010045de6       0x32 User/DTM_cmd_db.o
                0x0000000010045de6                hci_le_data_length_change_event
 .text.hci_le_read_local_p256_public_key_complete_event
                0x0000000010045e18       0x30 User/DTM_cmd_db.o
                0x0000000010045e18                hci_le_read_local_p256_public_key_complete_event
 .text.hci_le_generate_dhkey_complete_event
                0x0000000010045e48       0x30 User/DTM_cmd_db.o
                0x0000000010045e48                hci_le_generate_dhkey_complete_event
 .text.hci_le_enhanced_connection_complete_event
                0x0000000010045e78       0xa0 User/DTM_cmd_db.o
                0x0000000010045e78                hci_le_enhanced_connection_complete_event
 .text.hci_le_direct_advertising_report_event
                0x0000000010045f18       0x78 User/DTM_cmd_db.o
                0x0000000010045f18                hci_le_direct_advertising_report_event
 .text.aci_hal_updater_start
                0x0000000010045f90       0x1c User/DTM_cmds.o
                0x0000000010045f90                aci_hal_updater_start
 .text.aci_hal_get_firmware_details
                0x0000000010045fac       0x82 User/DTM_cmds.o
                0x0000000010045fac                aci_hal_get_firmware_details
 *fill*         0x000000001004602e        0x2 
 .text.aci_hal_transmitter_test_packets
                0x0000000010046030       0x3c User/DTM_cmds.o
                0x0000000010046030                aci_hal_transmitter_test_packets
 .text.startup.main
                0x000000001004606c       0x90 User/DTM_main.o
                0x000000001004606c                main
 .text.parse_cmd
                0x00000000100460fc       0x74 User/cmd.o
                0x00000000100460fc                parse_cmd
 .text.packet_received
                0x0000000010046170       0x4c User/hci_parser.o
                0x0000000010046170                packet_received
 .text.hci_input
                0x00000000100461bc      0x100 User/hci_parser.o
                0x00000000100461bc                hci_input
 .text.WDG_Configuration
                0x00000000100462bc       0x1c User/hw_config.o
                0x00000000100462bc                WDG_Configuration
 .text.NVIC_EnableRadioIrq
                0x00000000100462d8       0x16 User/hw_config.o
                0x00000000100462d8                NVIC_EnableRadioIrq
 .text.NVIC_Configuration
                0x00000000100462ee       0x1a User/hw_config.o
                0x00000000100462ee                NVIC_Configuration
 .text.GPIO_Configuration
                0x0000000010046308       0x2a User/hw_config.o
                0x0000000010046308                GPIO_Configuration
 *fill*         0x0000000010046332        0x2 
 .text.UART_Configuration
                0x0000000010046334       0x4c User/hw_config.o
                0x0000000010046334                UART_Configuration
 .text.DMA_Configuration
                0x0000000010046380       0x6c User/hw_config.o
                0x0000000010046380                DMA_Configuration
 .text.DMA_Rearm
                0x00000000100463ec       0x18 User/hw_config.o
                0x00000000100463ec                DMA_Rearm
 .text.App_SleepMode_Check
                0x0000000010046404       0x40 User/transport_layer.o
                0x0000000010046404                App_SleepMode_Check
 .text.process_command
                0x0000000010046444       0x7c User/transport_layer.o
                0x0000000010046444                process_command
 .text.transport_layer_init
                0x00000000100464c0       0xac User/transport_layer.o
                0x00000000100464c0                transport_layer_init
 .text.send_command
                0x000000001004656c       0x10 User/transport_layer.o
                0x000000001004656c                send_command
 .text.send_event_isr
                0x000000001004657c       0x74 User/transport_layer.o
                0x000000001004657c                send_event_isr
 .text.transport_layer_tick
                0x00000000100465f0      0x11c User/transport_layer.o
                0x00000000100465f0                transport_layer_tick
 .text.send_event
                0x000000001004670c        0x8 User/transport_layer.o
                0x000000001004670c                send_event
 .text.advance_dma
                0x0000000010046714       0x4c User/transport_layer.o
                0x0000000010046714                advance_dma
 .text.__aeabi_memclr
                0x0000000010046760        0xa /opt/Atollic_TrueSTUDIO_for_STM32_x86_64_9.3.0/ARMTools/bin/../lib/gcc/arm-atollic-eabi/6.3.1/../../../../arm-atollic-eabi/lib/armv6-m/libc_nano.a(lib_a-aeabi_memclr.o)
                0x0000000010046760                __aeabi_memclr8
                0x0000000010046760                __aeabi_memclr
                0x0000000010046760                __aeabi_memclr4
 .text.__aeabi_memcpy
                0x000000001004676a        0x8 /opt/Atollic_TrueSTUDIO_for_STM32_x86_64_9.3.0/ARMTools/bin/../lib/gcc/arm-atollic-eabi/6.3.1/../../../../arm-atollic-eabi/lib/armv6-m/libc_nano.a(lib_a-aeabi_memcpy.o)
                0x000000001004676a                __aeabi_memcpy
                0x000000001004676a                __aeabi_memcpy4
                0x000000001004676a                __aeabi_memcpy8
 .text.__aeabi_memmove
                0x0000000010046772        0x8 /opt/Atollic_TrueSTUDIO_for_STM32_x86_64_9.3.0/ARMTools/bin/../lib/gcc/arm-atollic-eabi/6.3.1/../../../../arm-atollic-eabi/lib/armv6-m/libc_nano.a(lib_a-aeabi_memmove.o)
                0x0000000010046772                __aeabi_memmove8
                0x0000000010046772                __aeabi_memmove
                0x0000000010046772                __aeabi_memmove4
 .text.__aeabi_memset
                0x000000001004677a        0xe /opt/Atollic_TrueSTUDIO_for_STM32_x86_64_9.3.0/ARMTools/bin/../lib/gcc/arm-atollic-eabi/6.3.1/../../../../arm-atollic-eabi/lib/armv6-m/libc_nano.a(lib_a-aeabi_memset.o)
                0x000000001004677a                __aeabi_memset
                0x000000001004677a                __aeabi_memset8
                0x000000001004677a                __aeabi_memset4
 .text.memcmp   0x0000000010046788       0x1e /opt/Atollic_TrueSTUDIO_for_STM32_x86_64_9.3.0/ARMTools/bin/../lib/gcc/arm-atollic-eabi/6.3.1/../../../../arm-atollic-eabi/lib/armv6-m/libc_nano.a(lib_a-memcmp.o)
                0x0000000010046788                memcmp
 .text.memcpy   0x00000000100467a6       0x12 /opt/Atollic_TrueSTUDIO_for_STM32_x86_64_9.3.0/ARMTools/bin/../lib/gcc/arm-atollic-eabi/6.3.1/../../../../arm-atollic-eabi/lib/armv6-m/libc_nano.a(lib_a-memcpy-stub.o)
                0x00000000100467a6                memcpy
 .text.memmove  0x00000000100467b8       0x24 /opt/Atollic_TrueSTUDIO_for_STM32_x86_64_9.3.0/ARMTools/bin/../lib/gcc/arm-atollic-eabi/6.3.1/../../../../arm-atollic-eabi/lib/armv6-m/libc_nano.a(lib_a-memmove.o)
                0x00000000100467b8                memmove
 .text.memset   0x00000000100467dc       0x10 /opt/Atollic_TrueSTUDIO_for_STM32_x86_64_9.3.0/ARMTools/bin/../lib/gcc/arm-atollic-eabi/6.3.1/../../../../arm-atollic-eabi/lib/armv6-m/libc_nano.a(lib_a-memset.o)
                0x00000000100467dc                memset
 *(i.*)
 i._aci_gap_set_discoverable_param_check
                0x00000000100467ec       0x5c ../../../../../../Library/Bluetooth_LE/library/libbluenrg1_stack.a(bluenrg_gap_aci.o)
 i.aci_gap_allow_rebond
                0x0000000010046848        0x8 ../../../../../../Library/Bluetooth_LE/library/libbluenrg1_stack.a(bluenrg_gap_aci.o)
                0x0000000010046848                aci_gap_allow_rebond
 i.aci_gap_authorization_resp
                0x0000000010046850       0x14 ../../../../../../Library/Bluetooth_LE/library/libbluenrg1_stack.a(bluenrg_gap_aci.o)
                0x0000000010046850                aci_gap_authorization_resp
 i.aci_gap_clear_security_db
                0x0000000010046864        0x8 ../../../../../../Library/Bluetooth_LE/library/libbluenrg1_stack.a(bluenrg_gap_aci.o)
                0x0000000010046864                aci_gap_clear_security_db
 i.aci_gap_configure_whitelist
                0x000000001004686c        0x8 ../../../../../../Library/Bluetooth_LE/library/libbluenrg1_stack.a(bluenrg_gap_aci.o)
                0x000000001004686c                aci_gap_configure_whitelist
 i.aci_gap_create_connection_api
                0x0000000010046874       0x5a ../../../../../../Library/Bluetooth_LE/library/libbluenrg1_stack.a(bluenrg_gap_aci.o)
                0x0000000010046874                aci_gap_create_connection_api
 i.aci_gap_delete_ad_type
                0x00000000100468ce       0x18 ../../../../../../Library/Bluetooth_LE/library/libbluenrg1_stack.a(bluenrg_gap_aci.o)
                0x00000000100468ce                aci_gap_delete_ad_type
 i.aci_gap_get_bonded_devices
                0x00000000100468e6       0x14 ../../../../../../Library/Bluetooth_LE/library/libbluenrg1_stack.a(bluenrg_gap_aci.o)
                0x00000000100468e6                aci_gap_get_bonded_devices
 i.aci_gap_get_oob_data
                0x00000000100468fa       0x14 ../../../../../../Library/Bluetooth_LE/library/libbluenrg1_stack.a(bluenrg_gap_aci.o)
                0x00000000100468fa                aci_gap_get_oob_data
 i.aci_gap_get_security_level
                0x000000001004690e        0xa ../../../../../../Library/Bluetooth_LE/library/libbluenrg1_stack.a(bluenrg_gap_aci.o)
                0x000000001004690e                aci_gap_get_security_level
 i.aci_gap_init
                0x0000000010046918       0x30 ../../../../../../Library/Bluetooth_LE/library/libbluenrg1_stack.a(bluenrg_gap_aci.o)
                0x0000000010046918                aci_gap_init
 i.aci_gap_is_device_bonded
                0x0000000010046948       0x20 ../../../../../../Library/Bluetooth_LE/library/libbluenrg1_stack.a(bluenrg_gap_aci.o)
                0x0000000010046948                aci_gap_is_device_bonded
 i.aci_gap_numeric_comparison_value_confirm_yesno_api
                0x0000000010046968       0x14 ../../../../../../Library/Bluetooth_LE/library/libbluenrg1_stack.a(bluenrg_gap_aci.o)
                0x0000000010046968                aci_gap_numeric_comparison_value_confirm_yesno_api
 i.aci_gap_pass_key_resp
                0x000000001004697c       0x18 ../../../../../../Library/Bluetooth_LE/library/libbluenrg1_stack.a(bluenrg_gap_aci.o)
                0x000000001004697c                aci_gap_pass_key_resp
 i.aci_gap_passkey_input_api
                0x0000000010046994       0x10 ../../../../../../Library/Bluetooth_LE/library/libbluenrg1_stack.a(bluenrg_gap_aci.o)
                0x0000000010046994                aci_gap_passkey_input_api
 i.aci_gap_remove_bonded_device
                0x00000000100469a4       0x14 ../../../../../../Library/Bluetooth_LE/library/libbluenrg1_stack.a(bluenrg_gap_aci.o)
                0x00000000100469a4                aci_gap_remove_bonded_device
 i.aci_gap_resolve_private_addr
                0x00000000100469b8        0x8 ../../../../../../Library/Bluetooth_LE/library/libbluenrg1_stack.a(bluenrg_gap_aci.o)
                0x00000000100469b8                aci_gap_resolve_private_addr
 i.aci_gap_send_pairing_req_api
                0x00000000100469c0        0xa ../../../../../../Library/Bluetooth_LE/library/libbluenrg1_stack.a(bluenrg_gap_aci.o)
                0x00000000100469c0                aci_gap_send_pairing_req_api
 *fill*         0x00000000100469ca        0x2 
 i.aci_gap_set_authentication_requirement
                0x00000000100469cc       0x94 ../../../../../../Library/Bluetooth_LE/library/libbluenrg1_stack.a(bluenrg_gap_aci.o)
                0x00000000100469cc                aci_gap_set_authentication_requirement
 i.aci_gap_set_authorization_requirement
                0x0000000010046a60       0x14 ../../../../../../Library/Bluetooth_LE/library/libbluenrg1_stack.a(bluenrg_gap_aci.o)
                0x0000000010046a60                aci_gap_set_authorization_requirement
 i.aci_gap_set_broadcast_mode
                0x0000000010046a74       0x40 ../../../../../../Library/Bluetooth_LE/library/libbluenrg1_stack.a(bluenrg_gap_aci.o)
                0x0000000010046a74                aci_gap_set_broadcast_mode
 i.aci_gap_set_direct_connectable
                0x0000000010046ab4       0x24 ../../../../../../Library/Bluetooth_LE/library/libbluenrg1_stack.a(bluenrg_gap_aci.o)
                0x0000000010046ab4                aci_gap_set_direct_connectable
 i.aci_gap_set_discoverable
                0x0000000010046ad8       0x42 ../../../../../../Library/Bluetooth_LE/library/libbluenrg1_stack.a(bluenrg_gap_aci.o)
                0x0000000010046ad8                aci_gap_set_discoverable
 *fill*         0x0000000010046b1a        0x2 
 i.aci_gap_set_event_mask
                0x0000000010046b1c       0x20 ../../../../../../Library/Bluetooth_LE/library/libbluenrg1_stack.a(bluenrg_gap_aci.o)
                0x0000000010046b1c                aci_gap_set_event_mask
 i.aci_gap_set_io_capability
                0x0000000010046b3c       0x10 ../../../../../../Library/Bluetooth_LE/library/libbluenrg1_stack.a(bluenrg_gap_aci.o)
                0x0000000010046b3c                aci_gap_set_io_capability
 i.aci_gap_set_limited_discoverable
                0x0000000010046b4c       0x42 ../../../../../../Library/Bluetooth_LE/library/libbluenrg1_stack.a(bluenrg_gap_aci.o)
                0x0000000010046b4c                aci_gap_set_limited_discoverable
 i.aci_gap_set_non_connectable
                0x0000000010046b8e       0x14 ../../../../../../Library/Bluetooth_LE/library/libbluenrg1_stack.a(bluenrg_gap_aci.o)
                0x0000000010046b8e                aci_gap_set_non_connectable
 i.aci_gap_set_non_discoverable
                0x0000000010046ba2       0x14 ../../../../../../Library/Bluetooth_LE/library/libbluenrg1_stack.a(bluenrg_gap_aci.o)
                0x0000000010046ba2                aci_gap_set_non_discoverable
 i.aci_gap_set_oob_data
                0x0000000010046bb6       0x28 ../../../../../../Library/Bluetooth_LE/library/libbluenrg1_stack.a(bluenrg_gap_aci.o)
                0x0000000010046bb6                aci_gap_set_oob_data
 i.aci_gap_set_undirected_connectable
                0x0000000010046bde       0x14 ../../../../../../Library/Bluetooth_LE/library/libbluenrg1_stack.a(bluenrg_gap_aci.o)
                0x0000000010046bde                aci_gap_set_undirected_connectable
 i.aci_gap_slave_security_req
                0x0000000010046bf2        0x8 ../../../../../../Library/Bluetooth_LE/library/libbluenrg1_stack.a(bluenrg_gap_aci.o)
                0x0000000010046bf2                aci_gap_slave_security_req
 i.aci_gap_start_auto_connection_establish_proc_api
                0x0000000010046bfa       0x34 ../../../../../../Library/Bluetooth_LE/library/libbluenrg1_stack.a(bluenrg_gap_aci.o)
                0x0000000010046bfa                aci_gap_start_auto_connection_establish_proc_api
 i.aci_gap_start_connection_update_api
                0x0000000010046c2e       0x22 ../../../../../../Library/Bluetooth_LE/library/libbluenrg1_stack.a(bluenrg_gap_aci.o)
                0x0000000010046c2e                aci_gap_start_connection_update_api
 i.aci_gap_start_general_connection_establish_proc_api
                0x0000000010046c50       0x2a ../../../../../../Library/Bluetooth_LE/library/libbluenrg1_stack.a(bluenrg_gap_aci.o)
                0x0000000010046c50                aci_gap_start_general_connection_establish_proc_api
 i.aci_gap_start_general_discovery_proc_api
                0x0000000010046c7a        0x8 ../../../../../../Library/Bluetooth_LE/library/libbluenrg1_stack.a(bluenrg_gap_aci.o)
                0x0000000010046c7a                aci_gap_start_general_discovery_proc_api
 i.aci_gap_start_limited_discovery_proc_api
                0x0000000010046c82        0x8 ../../../../../../Library/Bluetooth_LE/library/libbluenrg1_stack.a(bluenrg_gap_aci.o)
                0x0000000010046c82                aci_gap_start_limited_discovery_proc_api
 i.aci_gap_start_name_discovery_proc_api
                0x0000000010046c8a       0x54 ../../../../../../Library/Bluetooth_LE/library/libbluenrg1_stack.a(bluenrg_gap_aci.o)
                0x0000000010046c8a                aci_gap_start_name_discovery_proc_api
 i.aci_gap_start_observation_proc_api
                0x0000000010046cde       0x1c ../../../../../../Library/Bluetooth_LE/library/libbluenrg1_stack.a(bluenrg_gap_aci.o)
                0x0000000010046cde                aci_gap_start_observation_proc_api
 i.aci_gap_start_selective_connection_establish_proc_api
                0x0000000010046cfa       0x32 ../../../../../../Library/Bluetooth_LE/library/libbluenrg1_stack.a(bluenrg_gap_aci.o)
                0x0000000010046cfa                aci_gap_start_selective_connection_establish_proc_api
 i.aci_gap_terminate
                0x0000000010046d2c        0x8 ../../../../../../Library/Bluetooth_LE/library/libbluenrg1_stack.a(bluenrg_gap_aci.o)
                0x0000000010046d2c                aci_gap_terminate
 i.aci_gap_terminate_gap_proc_api
                0x0000000010046d34        0x8 ../../../../../../Library/Bluetooth_LE/library/libbluenrg1_stack.a(bluenrg_gap_aci.o)
                0x0000000010046d34                aci_gap_terminate_gap_proc_api
 i.aci_gap_update_adv_data
                0x0000000010046d3c       0x10 ../../../../../../Library/Bluetooth_LE/library/libbluenrg1_stack.a(bluenrg_gap_aci.o)
                0x0000000010046d3c                aci_gap_update_adv_data
 i.load_scanParams
                0x0000000010046d4c       0x4c ../../../../../../Library/Bluetooth_LE/library/libbluenrg1_stack.a(bluenrg_gap_aci.o)
 i._load_uuid   0x0000000010046d98       0x26 ../../../../../../Library/Bluetooth_LE/library/libbluenrg1_stack.a(bluenrg_gatt_aci.o)